Command line
python main_script.py train Brain_Data_in_vivo_only_all_plus_original_for_in_silico_screen --epochs 10
Args
{'activation': 'ReLU',
 'adding_bond_types': True,
 'adding_h': False,
 'aggregation': 'mean',
 'aggregation_norm': 100,
 'atom_constraints': [],
 'atom_descriptor_scaling': True,
 'atom_descriptors': None,
 'atom_descriptors_path': None,
 'atom_descriptors_size': 0,
 'atom_features_size': 0,
 'atom_messages': False,
 'atom_targets': [],
 'batch_size': 50,
 'bias': False,
 'bias_solvent': False,
 'bond_constraints': [],
 'bond_descriptor_scaling': True,
 'bond_descriptors': None,
 'bond_descriptors_path': None,
 'bond_descriptors_size': 0,
 'bond_features_size': 0,
 'bond_targets': [],
 'cache_cutoff': 10000,
 'checkpoint_dir': None,
 'checkpoint_frzn': None,
 'checkpoint_path': None,
 'checkpoint_paths': None,
 'class_balance': False,
 'config_path': '../data/args_files/optimized_configs.json',
 'constraints_path': None,
 'crossval_index_dir': None,
 'crossval_index_file': None,
 'crossval_index_sets': None,
 'cuda': True,
 'data_path': '../data/crossval_splits/Brain_Data_in_vivo_only_all_plus_original_for_in_silico_screen/cv_0/train.csv',
 'data_weights_path': '../data/crossval_splits/Brain_Data_in_vivo_only_all_plus_original_for_in_silico_screen/cv_0/train_weights.csv',
 'dataset_type': 'regression',
 'depth': 4,
 'depth_solvent': 3,
 'device': device(type='cuda'),
 'dropout': 0.1,
 'empty_cache': False,
 'ensemble_size': 1,
 'epochs': 10,
 'evidential_regularization': 0,
 'explicit_h': False,
 'extra_metrics': [],
 'features_generator': None,
 'features_only': False,
 'features_path': ['../data/crossval_splits/Brain_Data_in_vivo_only_all_plus_original_for_in_silico_screen/cv_0/train_extra_x.csv'],
 'features_scaling': True,
 'features_size': None,
 'ffn_hidden_size': 600,
 'ffn_num_layers': 3,
 'final_lr': 0.0001,
 'folds_file': None,
 'freeze_first_only': False,
 'frzn_ffn_layers': 0,
 'gpu': None,
 'grad_clip': None,
 'hidden_size': 600,
 'hidden_size_solvent': 300,
 'ignore_columns': None,
 'ignore_nan_metrics': False,
 'init_lr': 0.0001,
 'is_atom_bond_targets': False,
 'keeping_atom_map': False,
 'log_frequency': 10,
 'loss_function': 'mse',
 'max_data_size': None,
 'max_lr': 0.001,
 'metric': 'rmse',
 'metrics': ['rmse'],
 'minimize_score': True,
 'mpn_shared': False,
 'multiclass_num_classes': 3,
 'no_adding_bond_types': False,
 'no_atom_descriptor_scaling': False,
 'no_bond_descriptor_scaling': False,
 'no_cache_mol': False,
 'no_cuda': False,
 'no_features_scaling': False,
 'no_shared_atom_bond_ffn': False,
 'num_folds': 1,
 'num_lrs': 1,
 'num_tasks': 1,
 'num_workers': 8,
 'number_of_molecules': 1,
 'overwrite_default_atom_features': False,
 'overwrite_default_bond_features': False,
 'phase_features_path': None,
 'pytorch_seed': 42,
 'quantile_loss_alpha': 0.1,
 'quantiles': [],
 'quiet': False,
 'reaction': False,
 'reaction_mode': 'reac_diff',
 'reaction_solvent': False,
 'resume_experiment': False,
 'save_dir': '../data/crossval_splits/Brain_Data_in_vivo_only_all_plus_original_for_in_silico_screen/cv_0',
 'save_preds': False,
 'save_smiles_splits': False,
 'seed': 42,
 'separate_test_atom_descriptors_path': None,
 'separate_test_bond_descriptors_path': None,
 'separate_test_constraints_path': None,
 'separate_test_features_path': ['../data/crossval_splits/Brain_Data_in_vivo_only_all_plus_original_for_in_silico_screen/cv_0/test_extra_x.csv'],
 'separate_test_path': '../data/crossval_splits/Brain_Data_in_vivo_only_all_plus_original_for_in_silico_screen/cv_0/test.csv',
 'separate_test_phase_features_path': None,
 'separate_val_atom_descriptors_path': None,
 'separate_val_bond_descriptors_path': None,
 'separate_val_constraints_path': None,
 'separate_val_features_path': ['../data/crossval_splits/Brain_Data_in_vivo_only_all_plus_original_for_in_silico_screen/cv_0/valid_extra_x.csv'],
 'separate_val_path': '../data/crossval_splits/Brain_Data_in_vivo_only_all_plus_original_for_in_silico_screen/cv_0/valid.csv',
 'separate_val_phase_features_path': None,
 'shared_atom_bond_ffn': True,
 'show_individual_scores': False,
 'smiles_columns': ['smiles'],
 'spectra_activation': 'exp',
 'spectra_phase_mask_path': None,
 'spectra_target_floor': 1e-08,
 'split_key_molecule': 0,
 'split_sizes': [1.0, 0.0, 0.0],
 'split_type': 'random',
 'target_columns': None,
 'target_weights': None,
 'task_names': ['quantified_delivery'],
 'test': False,
 'test_fold_index': None,
 'train_data_size': None,
 'undirected': False,
 'use_input_features': True,
 'val_fold_index': None,
 'warmup_epochs': 2.0,
 'weights_ffn_num_layers': 2}
Setting molecule featurization parameters to default.
Loading data
Number of tasks = 1
Fold 0
Splitting data with seed 42
Total size = 7,447 | train size = 7,447 | val size = 1,802 | test size = 1,802
Fitting scaler
Building model 0
MoleculeModel(
  (encoder): MPN(
    (encoder): ModuleList(
      (0): MPNEncoder(
        (dropout): Dropout(p=0.1, inplace=False)
        (act_func): ReLU()
        (W_i): Linear(in_features=147, out_features=600, bias=False)
        (W_h): Linear(in_features=600, out_features=600, bias=False)
        (W_o): Linear(in_features=733, out_features=600, bias=True)
      )
    )
  )
  (readout): Sequential(
    (0): Dropout(p=0.1, inplace=False)
    (1): Linear(in_features=638, out_features=600, bias=True)
    (2): ReLU()
    (3): Dropout(p=0.1, inplace=False)
    (4): Linear(in_features=600, out_features=600, bias=True)
    (5): ReLU()
    (6): Dropout(p=0.1, inplace=False)
    (7): Linear(in_features=600, out_features=1, bias=True)
  )
)
Number of parameters = 1,633,801
Moving model to cuda
Epoch 0
Loss = 1.1628e+00, PNorm = 52.1321, GNorm = 4.2068, lr_0 = 1.3345e-04
Loss = 1.0760e+00, PNorm = 52.1348, GNorm = 4.7490, lr_0 = 1.6385e-04
Loss = 8.2991e-01, PNorm = 52.1385, GNorm = 2.2525, lr_0 = 1.9426e-04
Loss = 1.0739e+00, PNorm = 52.1440, GNorm = 5.2546, lr_0 = 2.2466e-04
Loss = 8.8259e-01, PNorm = 52.1506, GNorm = 4.1821, lr_0 = 2.5507e-04
Loss = 1.0619e+00, PNorm = 52.1568, GNorm = 2.2446, lr_0 = 2.8547e-04
Loss = 8.3865e-01, PNorm = 52.1633, GNorm = 2.0683, lr_0 = 3.1588e-04
Loss = 1.1868e+00, PNorm = 52.1694, GNorm = 2.8372, lr_0 = 3.4628e-04
Command line
python main_script.py train Brain_Data_in_vivo_only_all_plus_original_for_in_silico_screen --epochs 10
Args
{'activation': 'ReLU',
 'adding_bond_types': True,
 'adding_h': False,
 'aggregation': 'mean',
 'aggregation_norm': 100,
 'atom_constraints': [],
 'atom_descriptor_scaling': True,
 'atom_descriptors': None,
 'atom_descriptors_path': None,
 'atom_descriptors_size': 0,
 'atom_features_size': 0,
 'atom_messages': False,
 'atom_targets': [],
 'batch_size': 50,
 'bias': False,
 'bias_solvent': False,
 'bond_constraints': [],
 'bond_descriptor_scaling': True,
 'bond_descriptors': None,
 'bond_descriptors_path': None,
 'bond_descriptors_size': 0,
 'bond_features_size': 0,
 'bond_targets': [],
 'cache_cutoff': 10000,
 'checkpoint_dir': None,
 'checkpoint_frzn': None,
 'checkpoint_path': None,
 'checkpoint_paths': None,
 'class_balance': False,
 'config_path': '../data/args_files/optimized_configs.json',
 'constraints_path': None,
 'crossval_index_dir': None,
 'crossval_index_file': None,
 'crossval_index_sets': None,
 'cuda': True,
 'data_path': '../data/crossval_splits/Brain_Data_in_vivo_only_all_plus_original_for_in_silico_screen/cv_0/train.csv',
 'data_weights_path': '../data/crossval_splits/Brain_Data_in_vivo_only_all_plus_original_for_in_silico_screen/cv_0/train_weights.csv',
 'dataset_type': 'regression',
 'depth': 4,
 'depth_solvent': 3,
 'device': device(type='cuda'),
 'dropout': 0.1,
 'empty_cache': False,
 'ensemble_size': 1,
 'epochs': 10,
 'evidential_regularization': 0,
 'explicit_h': False,
 'extra_metrics': [],
 'features_generator': None,
 'features_only': False,
 'features_path': ['../data/crossval_splits/Brain_Data_in_vivo_only_all_plus_original_for_in_silico_screen/cv_0/train_extra_x.csv'],
 'features_scaling': True,
 'features_size': None,
 'ffn_hidden_size': 600,
 'ffn_num_layers': 3,
 'final_lr': 0.0001,
 'folds_file': None,
 'freeze_first_only': False,
 'frzn_ffn_layers': 0,
 'gpu': None,
 'grad_clip': None,
 'hidden_size': 600,
 'hidden_size_solvent': 300,
 'ignore_columns': None,
 'ignore_nan_metrics': False,
 'init_lr': 0.0001,
 'is_atom_bond_targets': False,
 'keeping_atom_map': False,
 'log_frequency': 10,
 'loss_function': 'mse',
 'max_data_size': None,
 'max_lr': 0.001,
 'metric': 'rmse',
 'metrics': ['rmse'],
 'minimize_score': True,
 'mpn_shared': False,
 'multiclass_num_classes': 3,
 'no_adding_bond_types': False,
 'no_atom_descriptor_scaling': False,
 'no_bond_descriptor_scaling': False,
 'no_cache_mol': False,
 'no_cuda': False,
 'no_features_scaling': False,
 'no_shared_atom_bond_ffn': False,
 'num_folds': 1,
 'num_lrs': 1,
 'num_tasks': 1,
 'num_workers': 8,
 'number_of_molecules': 1,
 'overwrite_default_atom_features': False,
 'overwrite_default_bond_features': False,
 'phase_features_path': None,
 'pytorch_seed': 42,
 'quantile_loss_alpha': 0.1,
 'quantiles': [],
 'quiet': False,
 'reaction': False,
 'reaction_mode': 'reac_diff',
 'reaction_solvent': False,
 'resume_experiment': False,
 'save_dir': '../data/crossval_splits/Brain_Data_in_vivo_only_all_plus_original_for_in_silico_screen/cv_0',
 'save_preds': False,
 'save_smiles_splits': False,
 'seed': 42,
 'separate_test_atom_descriptors_path': None,
 'separate_test_bond_descriptors_path': None,
 'separate_test_constraints_path': None,
 'separate_test_features_path': ['../data/crossval_splits/Brain_Data_in_vivo_only_all_plus_original_for_in_silico_screen/cv_0/test_extra_x.csv'],
 'separate_test_path': '../data/crossval_splits/Brain_Data_in_vivo_only_all_plus_original_for_in_silico_screen/cv_0/test.csv',
 'separate_test_phase_features_path': None,
 'separate_val_atom_descriptors_path': None,
 'separate_val_bond_descriptors_path': None,
 'separate_val_constraints_path': None,
 'separate_val_features_path': ['../data/crossval_splits/Brain_Data_in_vivo_only_all_plus_original_for_in_silico_screen/cv_0/valid_extra_x.csv'],
 'separate_val_path': '../data/crossval_splits/Brain_Data_in_vivo_only_all_plus_original_for_in_silico_screen/cv_0/valid.csv',
 'separate_val_phase_features_path': None,
 'shared_atom_bond_ffn': True,
 'show_individual_scores': False,
 'smiles_columns': ['smiles'],
 'spectra_activation': 'exp',
 'spectra_phase_mask_path': None,
 'spectra_target_floor': 1e-08,
 'split_key_molecule': 0,
 'split_sizes': [1.0, 0.0, 0.0],
 'split_type': 'random',
 'target_columns': None,
 'target_weights': None,
 'task_names': ['quantified_delivery'],
 'test': False,
 'test_fold_index': None,
 'train_data_size': None,
 'undirected': False,
 'use_input_features': True,
 'val_fold_index': None,
 'warmup_epochs': 2.0,
 'weights_ffn_num_layers': 2}
Setting molecule featurization parameters to default.
Loading data
Number of tasks = 1
Fold 0
Splitting data with seed 42
Total size = 7,447 | train size = 7,447 | val size = 1,802 | test size = 1,802
Fitting scaler
Building model 0
MoleculeModel(
  (encoder): MPN(
    (encoder): ModuleList(
      (0): MPNEncoder(
        (dropout): Dropout(p=0.1, inplace=False)
        (act_func): ReLU()
        (W_i): Linear(in_features=147, out_features=600, bias=False)
        (W_h): Linear(in_features=600, out_features=600, bias=False)
        (W_o): Linear(in_features=733, out_features=600, bias=True)
      )
    )
  )
  (readout): Sequential(
    (0): Dropout(p=0.1, inplace=False)
    (1): Linear(in_features=638, out_features=600, bias=True)
    (2): ReLU()
    (3): Dropout(p=0.1, inplace=False)
    (4): Linear(in_features=600, out_features=600, bias=True)
    (5): ReLU()
    (6): Dropout(p=0.1, inplace=False)
    (7): Linear(in_features=600, out_features=1, bias=True)
  )
)
Number of parameters = 1,633,801
Moving model to cuda
Epoch 0
Loss = 1.1628e+00, PNorm = 52.1321, GNorm = 4.2068, lr_0 = 1.3345e-04
Loss = 1.0760e+00, PNorm = 52.1348, GNorm = 4.7490, lr_0 = 1.6385e-04
Loss = 8.2991e-01, PNorm = 52.1385, GNorm = 2.2525, lr_0 = 1.9426e-04
Loss = 1.0739e+00, PNorm = 52.1440, GNorm = 5.2546, lr_0 = 2.2466e-04
Loss = 8.8259e-01, PNorm = 52.1506, GNorm = 4.1821, lr_0 = 2.5507e-04
Loss = 1.0619e+00, PNorm = 52.1568, GNorm = 2.2446, lr_0 = 2.8547e-04
Loss = 8.3865e-01, PNorm = 52.1633, GNorm = 2.0683, lr_0 = 3.1588e-04
Loss = 1.1868e+00, PNorm = 52.1694, GNorm = 2.8372, lr_0 = 3.4628e-04
Loss = 9.4556e-01, PNorm = 52.1782, GNorm = 5.1006, lr_0 = 3.7669e-04
Loss = 1.0348e+00, PNorm = 52.1908, GNorm = 3.0009, lr_0 = 4.0709e-04
Loss = 1.0703e+00, PNorm = 52.1999, GNorm = 1.5869, lr_0 = 4.3750e-04
Loss = 1.2353e+00, PNorm = 52.2119, GNorm = 7.2541, lr_0 = 4.6791e-04
Loss = 1.2275e+00, PNorm = 52.2340, GNorm = 2.5404, lr_0 = 4.9831e-04
Loss = 1.0079e+00, PNorm = 52.2511, GNorm = 2.5138, lr_0 = 5.2872e-04
Validation rmse = 0.979490
Epoch 1
Loss = 8.4676e-01, PNorm = 52.2781, GNorm = 1.8057, lr_0 = 5.6216e-04
Loss = 9.2973e-01, PNorm = 52.2938, GNorm = 1.3979, lr_0 = 5.9257e-04
Loss = 9.9202e-01, PNorm = 52.3131, GNorm = 2.2349, lr_0 = 6.2297e-04
Loss = 1.0436e+00, PNorm = 52.3385, GNorm = 2.0255, lr_0 = 6.5338e-04
Loss = 1.2093e+00, PNorm = 52.3626, GNorm = 8.7343, lr_0 = 6.8378e-04
Loss = 9.3322e-01, PNorm = 52.3896, GNorm = 1.5998, lr_0 = 7.1419e-04
Loss = 1.0913e+00, PNorm = 52.4184, GNorm = 2.3398, lr_0 = 7.4459e-04
Loss = 8.8154e-01, PNorm = 52.4455, GNorm = 2.0997, lr_0 = 7.7500e-04
Loss = 9.0935e-01, PNorm = 52.4580, GNorm = 2.6246, lr_0 = 8.0541e-04
Loss = 9.6671e-01, PNorm = 52.4809, GNorm = 2.7527, lr_0 = 8.3581e-04
Loss = 1.0814e+00, PNorm = 52.5218, GNorm = 2.8028, lr_0 = 8.6622e-04
Loss = 1.0109e+00, PNorm = 52.5563, GNorm = 1.7249, lr_0 = 8.9662e-04
Loss = 8.2561e-01, PNorm = 52.5933, GNorm = 1.2659, lr_0 = 9.2703e-04
Loss = 1.0566e+00, PNorm = 52.6403, GNorm = 1.0765, lr_0 = 9.5743e-04
Loss = 9.0749e-01, PNorm = 52.6808, GNorm = 1.3903, lr_0 = 9.8784e-04
Validation rmse = 0.950388
Epoch 2
Loss = 7.9215e-01, PNorm = 52.7240, GNorm = 0.9945, lr_0 = 9.8840e-04
Loss = 7.8977e-01, PNorm = 52.7637, GNorm = 2.3886, lr_0 = 9.6936e-04
Loss = 1.1953e+00, PNorm = 52.7946, GNorm = 4.2778, lr_0 = 9.5069e-04
Loss = 8.5371e-01, PNorm = 52.8194, GNorm = 1.1833, lr_0 = 9.3238e-04
Loss = 7.0248e-01, PNorm = 52.8546, GNorm = 0.7778, lr_0 = 9.1443e-04
Loss = 8.8230e-01, PNorm = 52.8804, GNorm = 1.4255, lr_0 = 8.9681e-04
Loss = 1.0941e+00, PNorm = 52.9024, GNorm = 4.5504, lr_0 = 8.7954e-04
Loss = 9.0464e-01, PNorm = 52.9310, GNorm = 1.5142, lr_0 = 8.6260e-04
Loss = 8.2462e-01, PNorm = 52.9599, GNorm = 0.9104, lr_0 = 8.4599e-04
Loss = 9.1858e-01, PNorm = 52.9929, GNorm = 0.8993, lr_0 = 8.2970e-04
Loss = 8.6084e-01, PNorm = 53.0277, GNorm = 1.6939, lr_0 = 8.1372e-04
Loss = 1.1437e+00, PNorm = 53.0774, GNorm = 1.5874, lr_0 = 7.9804e-04
Loss = 9.0115e-01, PNorm = 53.1245, GNorm = 1.3162, lr_0 = 7.8267e-04
Loss = 7.9320e-01, PNorm = 53.1638, GNorm = 1.0974, lr_0 = 7.6760e-04
Loss = 9.7238e-01, PNorm = 53.2044, GNorm = 1.7243, lr_0 = 7.5282e-04
Validation rmse = 0.951705
Epoch 3
Loss = 9.1230e-01, PNorm = 53.2585, GNorm = 1.2974, lr_0 = 7.3832e-04
Loss = 8.7189e-01, PNorm = 53.3115, GNorm = 0.8285, lr_0 = 7.2410e-04
Loss = 7.8186e-01, PNorm = 53.3361, GNorm = 1.7785, lr_0 = 7.1015e-04
Loss = 1.1303e+00, PNorm = 53.3844, GNorm = 1.2855, lr_0 = 6.9647e-04
Loss = 8.4861e-01, PNorm = 53.4240, GNorm = 1.0599, lr_0 = 6.8306e-04
Loss = 9.2457e-01, PNorm = 53.4612, GNorm = 1.4441, lr_0 = 6.6991e-04
Loss = 9.3899e-01, PNorm = 53.4911, GNorm = 2.0554, lr_0 = 6.5700e-04
Loss = 1.0151e+00, PNorm = 53.5328, GNorm = 0.7561, lr_0 = 6.4435e-04
Loss = 8.2324e-01, PNorm = 53.5578, GNorm = 1.0136, lr_0 = 6.3194e-04
Loss = 7.7357e-01, PNorm = 53.5865, GNorm = 1.0477, lr_0 = 6.1977e-04
Loss = 7.7659e-01, PNorm = 53.5881, GNorm = 0.7379, lr_0 = 6.0783e-04
Loss = 8.5656e-01, PNorm = 53.6112, GNorm = 0.7739, lr_0 = 5.9613e-04
Loss = 8.3823e-01, PNorm = 53.6302, GNorm = 1.3851, lr_0 = 5.8464e-04
Loss = 8.2574e-01, PNorm = 53.6607, GNorm = 1.2994, lr_0 = 5.7338e-04
Loss = 1.0263e+00, PNorm = 53.6824, GNorm = 2.3686, lr_0 = 5.6234e-04
Validation rmse = 0.936357
Epoch 4
Loss = 7.3331e-01, PNorm = 53.7165, GNorm = 0.8389, lr_0 = 5.5151e-04
Loss = 7.8511e-01, PNorm = 53.7378, GNorm = 1.1803, lr_0 = 5.4089e-04
Loss = 7.3052e-01, PNorm = 53.7541, GNorm = 0.7185, lr_0 = 5.3047e-04
Loss = 1.0610e+00, PNorm = 53.7879, GNorm = 2.0164, lr_0 = 5.2025e-04
Loss = 8.9349e-01, PNorm = 53.8216, GNorm = 1.8502, lr_0 = 5.1024e-04
Loss = 9.0496e-01, PNorm = 53.8557, GNorm = 1.1795, lr_0 = 5.0041e-04
Loss = 8.5544e-01, PNorm = 53.8715, GNorm = 1.9774, lr_0 = 4.9077e-04
Loss = 7.7203e-01, PNorm = 53.8886, GNorm = 1.6570, lr_0 = 4.8132e-04
Loss = 8.1689e-01, PNorm = 53.9221, GNorm = 1.1694, lr_0 = 4.7205e-04
Loss = 7.6540e-01, PNorm = 53.9372, GNorm = 0.7682, lr_0 = 4.6296e-04
Loss = 8.4384e-01, PNorm = 53.9521, GNorm = 0.8893, lr_0 = 4.5404e-04
Loss = 8.6816e-01, PNorm = 53.9825, GNorm = 1.7158, lr_0 = 4.4530e-04
Loss = 8.9868e-01, PNorm = 53.9998, GNorm = 3.7124, lr_0 = 4.3672e-04
Loss = 7.6734e-01, PNorm = 54.0229, GNorm = 1.2430, lr_0 = 4.2831e-04
Loss = 8.4470e-01, PNorm = 54.0398, GNorm = 1.8674, lr_0 = 4.2006e-04
Validation rmse = 0.909029
Epoch 5
Loss = 6.9501e-01, PNorm = 54.0465, GNorm = 1.6778, lr_0 = 4.1197e-04
Loss = 7.4206e-01, PNorm = 54.0600, GNorm = 0.9748, lr_0 = 4.0403e-04
Loss = 8.5386e-01, PNorm = 54.0755, GNorm = 1.3781, lr_0 = 3.9625e-04
Loss = 9.8007e-01, PNorm = 54.1063, GNorm = 4.7700, lr_0 = 3.8862e-04
Loss = 7.0609e-01, PNorm = 54.1367, GNorm = 1.0357, lr_0 = 3.8114e-04
Loss = 7.5315e-01, PNorm = 54.1591, GNorm = 1.3103, lr_0 = 3.7380e-04
Loss = 8.6621e-01, PNorm = 54.1772, GNorm = 0.9957, lr_0 = 3.6660e-04
Loss = 8.2186e-01, PNorm = 54.1967, GNorm = 1.9548, lr_0 = 3.5954e-04
Loss = 8.7862e-01, PNorm = 54.2087, GNorm = 3.0634, lr_0 = 3.5261e-04
Loss = 7.3394e-01, PNorm = 54.2216, GNorm = 1.4833, lr_0 = 3.4582e-04
Loss = 8.5465e-01, PNorm = 54.2345, GNorm = 1.9793, lr_0 = 3.3916e-04
Loss = 7.7463e-01, PNorm = 54.2615, GNorm = 1.8966, lr_0 = 3.3263e-04
Loss = 7.7071e-01, PNorm = 54.2764, GNorm = 1.6094, lr_0 = 3.2622e-04
Loss = 7.9927e-01, PNorm = 54.2909, GNorm = 1.3763, lr_0 = 3.1994e-04
Loss = 7.9394e-01, PNorm = 54.3050, GNorm = 0.8040, lr_0 = 3.1378e-04
Validation rmse = 0.907355
Epoch 6
Loss = 7.0019e-01, PNorm = 54.3263, GNorm = 2.1518, lr_0 = 3.0773e-04
Loss = 8.5198e-01, PNorm = 54.3395, GNorm = 1.2010, lr_0 = 3.0181e-04
Loss = 7.9373e-01, PNorm = 54.3600, GNorm = 1.2053, lr_0 = 2.9599e-04
Loss = 8.0747e-01, PNorm = 54.3727, GNorm = 2.6303, lr_0 = 2.9029e-04
Loss = 7.1194e-01, PNorm = 54.3791, GNorm = 1.4809, lr_0 = 2.8470e-04
Loss = 6.8999e-01, PNorm = 54.3973, GNorm = 0.8956, lr_0 = 2.7922e-04
Loss = 6.7487e-01, PNorm = 54.4116, GNorm = 1.0140, lr_0 = 2.7384e-04
Loss = 8.9042e-01, PNorm = 54.4304, GNorm = 1.1955, lr_0 = 2.6857e-04
Loss = 6.4199e-01, PNorm = 54.4485, GNorm = 1.7668, lr_0 = 2.6340e-04
Loss = 8.3715e-01, PNorm = 54.4591, GNorm = 0.9617, lr_0 = 2.5832e-04
Loss = 1.0670e+00, PNorm = 54.4715, GNorm = 1.7110, lr_0 = 2.5335e-04
Loss = 7.9681e-01, PNorm = 54.4904, GNorm = 1.6198, lr_0 = 2.4847e-04
Loss = 7.2557e-01, PNorm = 54.4979, GNorm = 1.2554, lr_0 = 2.4368e-04
Loss = 7.4985e-01, PNorm = 54.5055, GNorm = 1.7721, lr_0 = 2.3899e-04
Loss = 9.7053e-01, PNorm = 54.5174, GNorm = 1.2133, lr_0 = 2.3439e-04
Validation rmse = 0.888161
Epoch 7
Loss = 7.8226e-01, PNorm = 54.5278, GNorm = 1.5317, lr_0 = 2.2987e-04
Loss = 8.0086e-01, PNorm = 54.5407, GNorm = 2.2704, lr_0 = 2.2544e-04
Loss = 8.4579e-01, PNorm = 54.5514, GNorm = 1.3529, lr_0 = 2.2110e-04
Loss = 9.0033e-01, PNorm = 54.5695, GNorm = 2.0777, lr_0 = 2.1684e-04
Loss = 7.2107e-01, PNorm = 54.5814, GNorm = 1.4019, lr_0 = 2.1267e-04
Loss = 6.9258e-01, PNorm = 54.5867, GNorm = 0.9416, lr_0 = 2.0857e-04
Loss = 8.8872e-01, PNorm = 54.5957, GNorm = 1.8814, lr_0 = 2.0456e-04
Loss = 7.8645e-01, PNorm = 54.6039, GNorm = 2.0977, lr_0 = 2.0062e-04
Loss = 7.1706e-01, PNorm = 54.6152, GNorm = 0.8659, lr_0 = 1.9675e-04
Loss = 9.0012e-01, PNorm = 54.6318, GNorm = 2.4475, lr_0 = 1.9296e-04
Loss = 6.9896e-01, PNorm = 54.6486, GNorm = 1.1787, lr_0 = 1.8925e-04
Loss = 7.6046e-01, PNorm = 54.6586, GNorm = 2.0943, lr_0 = 1.8560e-04
Loss = 6.3829e-01, PNorm = 54.6675, GNorm = 1.3213, lr_0 = 1.8203e-04
Loss = 7.6509e-01, PNorm = 54.6752, GNorm = 2.6749, lr_0 = 1.7852e-04
Loss = 8.2843e-01, PNorm = 54.6782, GNorm = 0.8125, lr_0 = 1.7508e-04
Validation rmse = 0.882551
Epoch 8
Loss = 8.6492e-01, PNorm = 54.6895, GNorm = 1.7157, lr_0 = 1.7171e-04
Loss = 5.5367e-01, PNorm = 54.6988, GNorm = 1.3034, lr_0 = 1.6840e-04
Loss = 7.7537e-01, PNorm = 54.7087, GNorm = 0.9322, lr_0 = 1.6516e-04
Loss = 8.1210e-01, PNorm = 54.7203, GNorm = 2.1431, lr_0 = 1.6198e-04
Loss = 8.0470e-01, PNorm = 54.7288, GNorm = 1.1767, lr_0 = 1.5886e-04
Loss = 7.7548e-01, PNorm = 54.7364, GNorm = 1.3966, lr_0 = 1.5580e-04
Loss = 6.6173e-01, PNorm = 54.7466, GNorm = 1.4176, lr_0 = 1.5280e-04
Loss = 7.7155e-01, PNorm = 54.7598, GNorm = 1.7820, lr_0 = 1.4986e-04
Loss = 7.1134e-01, PNorm = 54.7663, GNorm = 1.5965, lr_0 = 1.4697e-04
Loss = 7.5782e-01, PNorm = 54.7721, GNorm = 1.4957, lr_0 = 1.4414e-04
Loss = 8.1250e-01, PNorm = 54.7752, GNorm = 2.8728, lr_0 = 1.4136e-04
Loss = 8.2301e-01, PNorm = 54.7833, GNorm = 1.1598, lr_0 = 1.3864e-04
Loss = 9.3625e-01, PNorm = 54.7978, GNorm = 2.4462, lr_0 = 1.3597e-04
Loss = 6.0361e-01, PNorm = 54.8051, GNorm = 1.4977, lr_0 = 1.3335e-04
Loss = 7.6656e-01, PNorm = 54.8108, GNorm = 1.4457, lr_0 = 1.3078e-04
Validation rmse = 0.876239
Epoch 9
Loss = 6.8878e-01, PNorm = 54.8185, GNorm = 1.3318, lr_0 = 1.2826e-04
Loss = 7.9344e-01, PNorm = 54.8279, GNorm = 1.3005, lr_0 = 1.2579e-04
Loss = 7.3247e-01, PNorm = 54.8313, GNorm = 1.3803, lr_0 = 1.2337e-04
Loss = 6.5088e-01, PNorm = 54.8358, GNorm = 1.1024, lr_0 = 1.2100e-04
Loss = 8.4809e-01, PNorm = 54.8428, GNorm = 1.7189, lr_0 = 1.1867e-04
Loss = 8.4199e-01, PNorm = 54.8508, GNorm = 1.2943, lr_0 = 1.1638e-04
Loss = 7.0849e-01, PNorm = 54.8593, GNorm = 1.3216, lr_0 = 1.1414e-04
Loss = 6.9825e-01, PNorm = 54.8665, GNorm = 1.5741, lr_0 = 1.1194e-04
Loss = 6.6795e-01, PNorm = 54.8736, GNorm = 1.0342, lr_0 = 1.0978e-04
Loss = 7.5332e-01, PNorm = 54.8791, GNorm = 1.0610, lr_0 = 1.0767e-04
Loss = 7.7954e-01, PNorm = 54.8861, GNorm = 1.7855, lr_0 = 1.0560e-04
Loss = 7.3481e-01, PNorm = 54.8919, GNorm = 3.2344, lr_0 = 1.0356e-04
Loss = 8.5666e-01, PNorm = 54.8951, GNorm = 1.7006, lr_0 = 1.0157e-04
Loss = 7.5305e-01, PNorm = 54.8998, GNorm = 2.9835, lr_0 = 1.0000e-04
Validation rmse = 0.871682
Model 0 best validation rmse = 0.871682 on epoch 9
Loading pretrained parameter "encoder.encoder.0.cached_zero_vector".
Loading pretrained parameter "encoder.encoder.0.W_i.weight".
Loading pretrained parameter "encoder.encoder.0.W_h.weight".
Loading pretrained parameter "encoder.encoder.0.W_o.weight".
Loading pretrained parameter "encoder.encoder.0.W_o.bias".
Loading pretrained parameter "readout.1.weight".
Loading pretrained parameter "readout.1.bias".
Loading pretrained parameter "readout.4.weight".
Loading pretrained parameter "readout.4.bias".
Loading pretrained parameter "readout.7.weight".
Loading pretrained parameter "readout.7.bias".
Moving model to cuda
Model 0 test rmse = 0.871682
Ensemble test rmse = 0.871682
1-fold cross validation
	Seed 42 ==> test rmse = 0.871682
Overall test rmse = 0.871682 +/- 0.000000
Elapsed time = 0:06:47
Command line
python main_script.py train Brain_Data_in_vivo_only_all_plus_original_for_in_silico_screen --epochs 10
Args
{'activation': 'ReLU',
 'adding_bond_types': True,
 'adding_h': False,
 'aggregation': 'mean',
 'aggregation_norm': 100,
 'atom_constraints': [],
 'atom_descriptor_scaling': True,
 'atom_descriptors': None,
 'atom_descriptors_path': None,
 'atom_descriptors_size': 0,
 'atom_features_size': 0,
 'atom_messages': False,
 'atom_targets': [],
 'batch_size': 50,
 'bias': False,
 'bias_solvent': False,
 'bond_constraints': [],
 'bond_descriptor_scaling': True,
 'bond_descriptors': None,
 'bond_descriptors_path': None,
 'bond_descriptors_size': 0,
 'bond_features_size': 0,
 'bond_targets': [],
 'cache_cutoff': 10000,
 'checkpoint_dir': None,
 'checkpoint_frzn': None,
 'checkpoint_path': None,
 'checkpoint_paths': None,
 'class_balance': False,
 'config_path': '../data/args_files/optimized_configs.json',
 'constraints_path': None,
 'crossval_index_dir': None,
 'crossval_index_file': None,
 'crossval_index_sets': None,
 'cuda': True,
 'data_path': '../data/crossval_splits/Brain_Data_in_vivo_only_all_plus_original_for_in_silico_screen/cv_1/train.csv',
 'data_weights_path': '../data/crossval_splits/Brain_Data_in_vivo_only_all_plus_original_for_in_silico_screen/cv_1/train_weights.csv',
 'dataset_type': 'regression',
 'depth': 4,
 'depth_solvent': 3,
 'device': device(type='cuda'),
 'dropout': 0.1,
 'empty_cache': False,
 'ensemble_size': 1,
 'epochs': 10,
 'evidential_regularization': 0,
 'explicit_h': False,
 'extra_metrics': [],
 'features_generator': None,
 'features_only': False,
 'features_path': ['../data/crossval_splits/Brain_Data_in_vivo_only_all_plus_original_for_in_silico_screen/cv_1/train_extra_x.csv'],
 'features_scaling': True,
 'features_size': None,
 'ffn_hidden_size': 600,
 'ffn_num_layers': 3,
 'final_lr': 0.0001,
 'folds_file': None,
 'freeze_first_only': False,
 'frzn_ffn_layers': 0,
 'gpu': None,
 'grad_clip': None,
 'hidden_size': 600,
 'hidden_size_solvent': 300,
 'ignore_columns': None,
 'ignore_nan_metrics': False,
 'init_lr': 0.0001,
 'is_atom_bond_targets': False,
 'keeping_atom_map': False,
 'log_frequency': 10,
 'loss_function': 'mse',
 'max_data_size': None,
 'max_lr': 0.001,
 'metric': 'rmse',
 'metrics': ['rmse'],
 'minimize_score': True,
 'mpn_shared': False,
 'multiclass_num_classes': 3,
 'no_adding_bond_types': False,
 'no_atom_descriptor_scaling': False,
 'no_bond_descriptor_scaling': False,
 'no_cache_mol': False,
 'no_cuda': False,
 'no_features_scaling': False,
 'no_shared_atom_bond_ffn': False,
 'num_folds': 1,
 'num_lrs': 1,
 'num_tasks': 1,
 'num_workers': 8,
 'number_of_molecules': 1,
 'overwrite_default_atom_features': False,
 'overwrite_default_bond_features': False,
 'phase_features_path': None,
 'pytorch_seed': 42,
 'quantile_loss_alpha': 0.1,
 'quantiles': [],
 'quiet': False,
 'reaction': False,
 'reaction_mode': 'reac_diff',
 'reaction_solvent': False,
 'resume_experiment': False,
 'save_dir': '../data/crossval_splits/Brain_Data_in_vivo_only_all_plus_original_for_in_silico_screen/cv_1',
 'save_preds': False,
 'save_smiles_splits': False,
 'seed': 42,
 'separate_test_atom_descriptors_path': None,
 'separate_test_bond_descriptors_path': None,
 'separate_test_constraints_path': None,
 'separate_test_features_path': ['../data/crossval_splits/Brain_Data_in_vivo_only_all_plus_original_for_in_silico_screen/cv_1/test_extra_x.csv'],
 'separate_test_path': '../data/crossval_splits/Brain_Data_in_vivo_only_all_plus_original_for_in_silico_screen/cv_1/test.csv',
 'separate_test_phase_features_path': None,
 'separate_val_atom_descriptors_path': None,
 'separate_val_bond_descriptors_path': None,
 'separate_val_constraints_path': None,
 'separate_val_features_path': ['../data/crossval_splits/Brain_Data_in_vivo_only_all_plus_original_for_in_silico_screen/cv_1/valid_extra_x.csv'],
 'separate_val_path': '../data/crossval_splits/Brain_Data_in_vivo_only_all_plus_original_for_in_silico_screen/cv_1/valid.csv',
 'separate_val_phase_features_path': None,
 'shared_atom_bond_ffn': True,
 'show_individual_scores': False,
 'smiles_columns': ['smiles'],
 'spectra_activation': 'exp',
 'spectra_phase_mask_path': None,
 'spectra_target_floor': 1e-08,
 'split_key_molecule': 0,
 'split_sizes': [1.0, 0.0, 0.0],
 'split_type': 'random',
 'target_columns': None,
 'target_weights': None,
 'task_names': ['quantified_delivery'],
 'test': False,
 'test_fold_index': None,
 'train_data_size': None,
 'undirected': False,
 'use_input_features': True,
 'val_fold_index': None,
 'warmup_epochs': 2.0,
 'weights_ffn_num_layers': 2}
Setting molecule featurization parameters to default.
Loading data
Number of tasks = 1
Fold 0
Splitting data with seed 42
Total size = 7,617 | train size = 7,617 | val size = 1,632 | test size = 1,632
Fitting scaler
Building model 0
MoleculeModel(
  (encoder): MPN(
    (encoder): ModuleList(
      (0): MPNEncoder(
        (dropout): Dropout(p=0.1, inplace=False)
        (act_func): ReLU()
        (W_i): Linear(in_features=147, out_features=600, bias=False)
        (W_h): Linear(in_features=600, out_features=600, bias=False)
        (W_o): Linear(in_features=733, out_features=600, bias=True)
      )
    )
  )
  (readout): Sequential(
    (0): Dropout(p=0.1, inplace=False)
    (1): Linear(in_features=638, out_features=600, bias=True)
    (2): ReLU()
    (3): Dropout(p=0.1, inplace=False)
    (4): Linear(in_features=600, out_features=600, bias=True)
    (5): ReLU()
    (6): Dropout(p=0.1, inplace=False)
    (7): Linear(in_features=600, out_features=1, bias=True)
  )
)
Number of parameters = 1,633,801
Moving model to cuda
Epoch 0
Loss = 1.1265e+00, PNorm = 52.1329, GNorm = 3.9124, lr_0 = 1.3257e-04
Loss = 9.2169e-01, PNorm = 52.1351, GNorm = 3.5817, lr_0 = 1.6217e-04
Loss = 9.3011e-01, PNorm = 52.1390, GNorm = 5.2175, lr_0 = 1.9178e-04
Loss = 1.1553e+00, PNorm = 52.1451, GNorm = 5.5312, lr_0 = 2.2138e-04
Loss = 9.7801e-01, PNorm = 52.1488, GNorm = 4.0381, lr_0 = 2.5099e-04
Loss = 1.0028e+00, PNorm = 52.1551, GNorm = 3.7276, lr_0 = 2.8059e-04
Loss = 1.0910e+00, PNorm = 52.1665, GNorm = 2.7957, lr_0 = 3.1020e-04
Loss = 1.0698e+00, PNorm = 52.1790, GNorm = 2.3798, lr_0 = 3.3980e-04
Loss = 1.0481e+00, PNorm = 52.1869, GNorm = 4.3735, lr_0 = 3.6941e-04
Loss = 8.9198e-01, PNorm = 52.1993, GNorm = 2.0233, lr_0 = 3.9901e-04
Loss = 1.0795e+00, PNorm = 52.2113, GNorm = 2.1362, lr_0 = 4.2862e-04
Loss = 9.2075e-01, PNorm = 52.2254, GNorm = 4.0799, lr_0 = 4.5822e-04
Loss = 1.0167e+00, PNorm = 52.2427, GNorm = 3.9540, lr_0 = 4.8783e-04
Loss = 1.0092e+00, PNorm = 52.2607, GNorm = 3.2223, lr_0 = 5.1743e-04
Loss = 8.3128e-01, PNorm = 52.2715, GNorm = 1.5941, lr_0 = 5.4704e-04
Validation rmse = 1.009333
Epoch 1
Loss = 8.7665e-01, PNorm = 52.2954, GNorm = 3.1393, lr_0 = 5.7961e-04
Loss = 1.2733e+00, PNorm = 52.3181, GNorm = 3.0303, lr_0 = 6.0921e-04
Loss = 9.8275e-01, PNorm = 52.3447, GNorm = 5.0681, lr_0 = 6.3882e-04
Loss = 9.3922e-01, PNorm = 52.3629, GNorm = 2.3492, lr_0 = 6.6842e-04
Loss = 8.2696e-01, PNorm = 52.3951, GNorm = 4.8749, lr_0 = 6.9803e-04
Loss = 1.4771e+00, PNorm = 52.4284, GNorm = 3.7060, lr_0 = 7.2763e-04
Loss = 8.6043e-01, PNorm = 52.4588, GNorm = 1.7267, lr_0 = 7.5724e-04
Loss = 8.5033e-01, PNorm = 52.4964, GNorm = 2.0773, lr_0 = 7.8684e-04
Loss = 8.5166e-01, PNorm = 52.5159, GNorm = 3.2743, lr_0 = 8.1645e-04
Loss = 1.0370e+00, PNorm = 52.5425, GNorm = 1.1320, lr_0 = 8.4605e-04
Loss = 9.1685e-01, PNorm = 52.5685, GNorm = 1.2413, lr_0 = 8.7566e-04
Loss = 1.0039e+00, PNorm = 52.5995, GNorm = 2.1827, lr_0 = 9.0526e-04
Loss = 9.3089e-01, PNorm = 52.6318, GNorm = 0.8459, lr_0 = 9.3487e-04
Loss = 9.8179e-01, PNorm = 52.6645, GNorm = 2.7010, lr_0 = 9.6447e-04
Loss = 8.2353e-01, PNorm = 52.6977, GNorm = 2.2730, lr_0 = 9.9408e-04
Validation rmse = 1.001932
Epoch 2
Loss = 8.7055e-01, PNorm = 52.7337, GNorm = 1.3472, lr_0 = 9.8310e-04
Loss = 1.0184e+00, PNorm = 52.7877, GNorm = 2.2538, lr_0 = 9.6466e-04
Loss = 1.0107e+00, PNorm = 52.8187, GNorm = 1.3898, lr_0 = 9.4657e-04
Loss = 8.9975e-01, PNorm = 52.8674, GNorm = 1.5171, lr_0 = 9.2881e-04
Loss = 8.1259e-01, PNorm = 52.8942, GNorm = 0.7264, lr_0 = 9.1139e-04
Loss = 8.4752e-01, PNorm = 52.9327, GNorm = 2.4325, lr_0 = 8.9429e-04
Loss = 7.9979e-01, PNorm = 52.9515, GNorm = 0.9240, lr_0 = 8.7752e-04
Loss = 8.8795e-01, PNorm = 52.9826, GNorm = 1.5140, lr_0 = 8.6106e-04
Loss = 9.6490e-01, PNorm = 53.0060, GNorm = 1.2785, lr_0 = 8.4491e-04
Loss = 1.1300e+00, PNorm = 53.0647, GNorm = 1.4651, lr_0 = 8.2906e-04
Loss = 9.3727e-01, PNorm = 53.0901, GNorm = 1.0093, lr_0 = 8.1351e-04
Loss = 8.5762e-01, PNorm = 53.1295, GNorm = 1.1388, lr_0 = 7.9825e-04
Loss = 9.5620e-01, PNorm = 53.1607, GNorm = 1.0065, lr_0 = 7.8328e-04
Loss = 7.2105e-01, PNorm = 53.1911, GNorm = 2.4379, lr_0 = 7.6858e-04
Loss = 9.6937e-01, PNorm = 53.2277, GNorm = 1.4489, lr_0 = 7.5417e-04
Validation rmse = 0.985363
Epoch 3
Loss = 8.1491e-01, PNorm = 53.2644, GNorm = 0.7482, lr_0 = 7.4002e-04
Loss = 8.5495e-01, PNorm = 53.3249, GNorm = 1.3549, lr_0 = 7.2614e-04
Loss = 8.2197e-01, PNorm = 53.3629, GNorm = 3.3248, lr_0 = 7.1252e-04
Loss = 9.0469e-01, PNorm = 53.4026, GNorm = 2.3194, lr_0 = 6.9915e-04
Loss = 7.7366e-01, PNorm = 53.4316, GNorm = 1.3721, lr_0 = 6.8604e-04
Loss = 8.7256e-01, PNorm = 53.4894, GNorm = 0.8476, lr_0 = 6.7317e-04
Loss = 9.4472e-01, PNorm = 53.5204, GNorm = 0.9404, lr_0 = 6.6054e-04
Loss = 8.2584e-01, PNorm = 53.5496, GNorm = 1.4533, lr_0 = 6.4815e-04
Loss = 9.6279e-01, PNorm = 53.5558, GNorm = 3.2362, lr_0 = 6.3600e-04
Loss = 7.6226e-01, PNorm = 53.5975, GNorm = 1.2052, lr_0 = 6.2407e-04
Loss = 9.0517e-01, PNorm = 53.6261, GNorm = 0.4968, lr_0 = 6.1236e-04
Loss = 9.0045e-01, PNorm = 53.6520, GNorm = 1.0458, lr_0 = 6.0087e-04
Loss = 8.6878e-01, PNorm = 53.6744, GNorm = 1.2354, lr_0 = 5.8960e-04
Loss = 8.6605e-01, PNorm = 53.7064, GNorm = 1.1347, lr_0 = 5.7854e-04
Loss = 9.2694e-01, PNorm = 53.7419, GNorm = 1.1427, lr_0 = 5.6769e-04
Validation rmse = 0.972728
Epoch 4
Loss = 9.7155e-01, PNorm = 53.7871, GNorm = 2.2548, lr_0 = 5.5599e-04
Loss = 8.9432e-01, PNorm = 53.7945, GNorm = 1.5810, lr_0 = 5.4556e-04
Loss = 7.1994e-01, PNorm = 53.8260, GNorm = 1.4054, lr_0 = 5.3533e-04
Loss = 1.0027e+00, PNorm = 53.8638, GNorm = 0.7338, lr_0 = 5.2528e-04
Loss = 8.1205e-01, PNorm = 53.8934, GNorm = 0.9181, lr_0 = 5.1543e-04
Loss = 9.4831e-01, PNorm = 53.9119, GNorm = 0.9760, lr_0 = 5.0576e-04
Loss = 7.7048e-01, PNorm = 53.9362, GNorm = 0.8089, lr_0 = 4.9628e-04
Loss = 8.8689e-01, PNorm = 53.9621, GNorm = 1.0433, lr_0 = 4.8697e-04
Loss = 7.0527e-01, PNorm = 53.9834, GNorm = 0.8122, lr_0 = 4.7783e-04
Loss = 1.0101e+00, PNorm = 54.0178, GNorm = 0.8674, lr_0 = 4.6887e-04
Loss = 8.4325e-01, PNorm = 54.0608, GNorm = 2.2818, lr_0 = 4.6008e-04
Loss = 7.9856e-01, PNorm = 54.0909, GNorm = 1.3326, lr_0 = 4.5145e-04
Loss = 7.2352e-01, PNorm = 54.1230, GNorm = 1.5754, lr_0 = 4.4298e-04
Loss = 7.9895e-01, PNorm = 54.1341, GNorm = 1.5591, lr_0 = 4.3467e-04
Loss = 7.6998e-01, PNorm = 54.1555, GNorm = 0.7447, lr_0 = 4.2651e-04
Loss = 8.1375e-01, PNorm = 54.1756, GNorm = 1.5044, lr_0 = 4.1851e-04
Validation rmse = 0.960942
Epoch 5
Loss = 8.1487e-01, PNorm = 54.2034, GNorm = 0.9272, lr_0 = 4.0989e-04
Loss = 9.2717e-01, PNorm = 54.2378, GNorm = 2.5430, lr_0 = 4.0220e-04
Loss = 6.6769e-01, PNorm = 54.2722, GNorm = 1.0124, lr_0 = 3.9465e-04
Loss = 8.9519e-01, PNorm = 54.2883, GNorm = 1.4919, lr_0 = 3.8725e-04
Loss = 6.8275e-01, PNorm = 54.3099, GNorm = 0.9846, lr_0 = 3.7999e-04
Loss = 7.2994e-01, PNorm = 54.3304, GNorm = 1.1910, lr_0 = 3.7286e-04
Loss = 8.8522e-01, PNorm = 54.3646, GNorm = 1.1071, lr_0 = 3.6587e-04
Loss = 6.2822e-01, PNorm = 54.3811, GNorm = 1.0437, lr_0 = 3.5900e-04
Loss = 7.2215e-01, PNorm = 54.3973, GNorm = 1.4373, lr_0 = 3.5227e-04
Loss = 7.4004e-01, PNorm = 54.4155, GNorm = 0.8942, lr_0 = 3.4566e-04
Loss = 8.8599e-01, PNorm = 54.4358, GNorm = 0.6840, lr_0 = 3.3918e-04
Loss = 7.7611e-01, PNorm = 54.4632, GNorm = 1.1444, lr_0 = 3.3282e-04
Loss = 6.9481e-01, PNorm = 54.4893, GNorm = 1.0596, lr_0 = 3.2657e-04
Loss = 8.5777e-01, PNorm = 54.5135, GNorm = 1.7107, lr_0 = 3.2045e-04
Loss = 9.7903e-01, PNorm = 54.5291, GNorm = 2.1164, lr_0 = 3.1444e-04
Validation rmse = 0.958026
Epoch 6
Loss = 6.6865e-01, PNorm = 54.5504, GNorm = 1.0457, lr_0 = 3.0854e-04
Loss = 7.3321e-01, PNorm = 54.5625, GNorm = 1.6528, lr_0 = 3.0275e-04
Loss = 8.1681e-01, PNorm = 54.5895, GNorm = 1.0348, lr_0 = 2.9707e-04
Loss = 7.9737e-01, PNorm = 54.6145, GNorm = 1.3684, lr_0 = 2.9150e-04
Loss = 8.8041e-01, PNorm = 54.6257, GNorm = 2.0569, lr_0 = 2.8603e-04
Loss = 8.2802e-01, PNorm = 54.6495, GNorm = 0.8969, lr_0 = 2.8067e-04
Loss = 6.8639e-01, PNorm = 54.6624, GNorm = 2.2749, lr_0 = 2.7540e-04
Loss = 7.9637e-01, PNorm = 54.6666, GNorm = 1.2889, lr_0 = 2.7024e-04
Loss = 8.9834e-01, PNorm = 54.6931, GNorm = 1.2571, lr_0 = 2.6517e-04
Loss = 7.6134e-01, PNorm = 54.7125, GNorm = 1.7825, lr_0 = 2.6019e-04
Loss = 7.7662e-01, PNorm = 54.7294, GNorm = 1.6772, lr_0 = 2.5531e-04
Loss = 7.7620e-01, PNorm = 54.7526, GNorm = 2.3305, lr_0 = 2.5052e-04
Loss = 9.7159e-01, PNorm = 54.7737, GNorm = 0.9655, lr_0 = 2.4582e-04
Loss = 7.1031e-01, PNorm = 54.7925, GNorm = 1.0043, lr_0 = 2.4121e-04
Loss = 6.8066e-01, PNorm = 54.8009, GNorm = 1.0951, lr_0 = 2.3669e-04
Validation rmse = 0.950733
Epoch 7
Loss = 8.0487e-01, PNorm = 54.8134, GNorm = 1.0163, lr_0 = 2.3181e-04
Loss = 8.5238e-01, PNorm = 54.8286, GNorm = 1.0152, lr_0 = 2.2746e-04
Loss = 7.4763e-01, PNorm = 54.8447, GNorm = 1.4349, lr_0 = 2.2319e-04
Loss = 8.2416e-01, PNorm = 54.8603, GNorm = 1.6751, lr_0 = 2.1901e-04
Loss = 7.7696e-01, PNorm = 54.8722, GNorm = 1.7174, lr_0 = 2.1490e-04
Loss = 6.5290e-01, PNorm = 54.8798, GNorm = 1.0430, lr_0 = 2.1087e-04
Loss = 6.9018e-01, PNorm = 54.8921, GNorm = 1.1273, lr_0 = 2.0691e-04
Loss = 7.5063e-01, PNorm = 54.9096, GNorm = 1.1275, lr_0 = 2.0303e-04
Loss = 7.6155e-01, PNorm = 54.9245, GNorm = 2.1441, lr_0 = 1.9922e-04
Loss = 8.5646e-01, PNorm = 54.9348, GNorm = 0.9588, lr_0 = 1.9549e-04
Loss = 8.7988e-01, PNorm = 54.9541, GNorm = 1.7993, lr_0 = 1.9182e-04
Loss = 6.5235e-01, PNorm = 54.9688, GNorm = 1.0233, lr_0 = 1.8822e-04
Loss = 7.3570e-01, PNorm = 54.9767, GNorm = 0.7104, lr_0 = 1.8469e-04
Loss = 8.6137e-01, PNorm = 54.9875, GNorm = 2.0372, lr_0 = 1.8123e-04
Loss = 6.9487e-01, PNorm = 55.0056, GNorm = 1.2838, lr_0 = 1.7783e-04
Validation rmse = 0.937203
Epoch 8
Loss = 6.8441e-01, PNorm = 55.0140, GNorm = 1.9309, lr_0 = 1.7416e-04
Loss = 7.5219e-01, PNorm = 55.0212, GNorm = 1.6645, lr_0 = 1.7090e-04
Loss = 6.4155e-01, PNorm = 55.0322, GNorm = 1.0027, lr_0 = 1.6769e-04
Loss = 7.9545e-01, PNorm = 55.0386, GNorm = 1.3771, lr_0 = 1.6454e-04
Loss = 9.0119e-01, PNorm = 55.0502, GNorm = 2.9262, lr_0 = 1.6146e-04
Loss = 6.5226e-01, PNorm = 55.0648, GNorm = 1.0515, lr_0 = 1.5843e-04
Loss = 6.5589e-01, PNorm = 55.0756, GNorm = 1.9991, lr_0 = 1.5546e-04
Loss = 8.4824e-01, PNorm = 55.0748, GNorm = 1.2553, lr_0 = 1.5254e-04
Loss = 7.5740e-01, PNorm = 55.0856, GNorm = 0.9765, lr_0 = 1.4968e-04
Loss = 8.3138e-01, PNorm = 55.1027, GNorm = 2.3415, lr_0 = 1.4687e-04
Loss = 6.7496e-01, PNorm = 55.1162, GNorm = 1.4915, lr_0 = 1.4412e-04
Loss = 8.6160e-01, PNorm = 55.1241, GNorm = 1.1163, lr_0 = 1.4141e-04
Loss = 6.8734e-01, PNorm = 55.1357, GNorm = 0.8169, lr_0 = 1.3876e-04
Loss = 7.8115e-01, PNorm = 55.1470, GNorm = 1.1873, lr_0 = 1.3616e-04
Loss = 6.7167e-01, PNorm = 55.1558, GNorm = 1.4062, lr_0 = 1.3360e-04
Loss = 6.7279e-01, PNorm = 55.1595, GNorm = 1.0372, lr_0 = 1.3110e-04
Validation rmse = 0.933289
Epoch 9
Loss = 7.2773e-01, PNorm = 55.1641, GNorm = 1.8940, lr_0 = 1.2864e-04
Loss = 7.5982e-01, PNorm = 55.1679, GNorm = 2.2597, lr_0 = 1.2623e-04
Loss = 7.4127e-01, PNorm = 55.1758, GNorm = 1.0247, lr_0 = 1.2386e-04
Loss = 8.0990e-01, PNorm = 55.1855, GNorm = 4.9075, lr_0 = 1.2154e-04
Loss = 6.7665e-01, PNorm = 55.1950, GNorm = 0.8639, lr_0 = 1.1926e-04
Loss = 7.0228e-01, PNorm = 55.2049, GNorm = 1.0382, lr_0 = 1.1702e-04
Loss = 6.5922e-01, PNorm = 55.2110, GNorm = 1.2527, lr_0 = 1.1482e-04
Loss = 6.5084e-01, PNorm = 55.2129, GNorm = 1.3746, lr_0 = 1.1267e-04
Loss = 8.0773e-01, PNorm = 55.2169, GNorm = 1.9488, lr_0 = 1.1056e-04
Loss = 7.8098e-01, PNorm = 55.2245, GNorm = 1.4071, lr_0 = 1.0848e-04
Loss = 6.1958e-01, PNorm = 55.2336, GNorm = 1.4507, lr_0 = 1.0645e-04
Loss = 6.0501e-01, PNorm = 55.2404, GNorm = 0.8218, lr_0 = 1.0445e-04
Loss = 7.3570e-01, PNorm = 55.2455, GNorm = 2.6874, lr_0 = 1.0249e-04
Loss = 7.7974e-01, PNorm = 55.2534, GNorm = 1.4747, lr_0 = 1.0057e-04
Loss = 7.0987e-01, PNorm = 55.2602, GNorm = 2.0750, lr_0 = 1.0000e-04
Validation rmse = 0.926096
Model 0 best validation rmse = 0.926096 on epoch 9
Loading pretrained parameter "encoder.encoder.0.cached_zero_vector".
Loading pretrained parameter "encoder.encoder.0.W_i.weight".
Loading pretrained parameter "encoder.encoder.0.W_h.weight".
Loading pretrained parameter "encoder.encoder.0.W_o.weight".
Loading pretrained parameter "encoder.encoder.0.W_o.bias".
Loading pretrained parameter "readout.1.weight".
Loading pretrained parameter "readout.1.bias".
Loading pretrained parameter "readout.4.weight".
Loading pretrained parameter "readout.4.bias".
Loading pretrained parameter "readout.7.weight".
Loading pretrained parameter "readout.7.bias".
Moving model to cuda
Model 0 test rmse = 0.926096
Ensemble test rmse = 0.926096
1-fold cross validation
	Seed 42 ==> test rmse = 0.926096
Overall test rmse = 0.926096 +/- 0.000000
Elapsed time = 0:06:08
Command line
python main_script.py train Brain_Data_in_vivo_only_all_plus_original_for_in_silico_screen --epochs 10
Args
{'activation': 'ReLU',
 'adding_bond_types': True,
 'adding_h': False,
 'aggregation': 'mean',
 'aggregation_norm': 100,
 'atom_constraints': [],
 'atom_descriptor_scaling': True,
 'atom_descriptors': None,
 'atom_descriptors_path': None,
 'atom_descriptors_size': 0,
 'atom_features_size': 0,
 'atom_messages': False,
 'atom_targets': [],
 'batch_size': 50,
 'bias': False,
 'bias_solvent': False,
 'bond_constraints': [],
 'bond_descriptor_scaling': True,
 'bond_descriptors': None,
 'bond_descriptors_path': None,
 'bond_descriptors_size': 0,
 'bond_features_size': 0,
 'bond_targets': [],
 'cache_cutoff': 10000,
 'checkpoint_dir': None,
 'checkpoint_frzn': None,
 'checkpoint_path': None,
 'checkpoint_paths': None,
 'class_balance': False,
 'config_path': '../data/args_files/optimized_configs.json',
 'constraints_path': None,
 'crossval_index_dir': None,
 'crossval_index_file': None,
 'crossval_index_sets': None,
 'cuda': True,
 'data_path': '../data/crossval_splits/Brain_Data_in_vivo_only_all_plus_original_for_in_silico_screen/cv_2/train.csv',
 'data_weights_path': '../data/crossval_splits/Brain_Data_in_vivo_only_all_plus_original_for_in_silico_screen/cv_2/train_weights.csv',
 'dataset_type': 'regression',
 'depth': 4,
 'depth_solvent': 3,
 'device': device(type='cuda'),
 'dropout': 0.1,
 'empty_cache': False,
 'ensemble_size': 1,
 'epochs': 10,
 'evidential_regularization': 0,
 'explicit_h': False,
 'extra_metrics': [],
 'features_generator': None,
 'features_only': False,
 'features_path': ['../data/crossval_splits/Brain_Data_in_vivo_only_all_plus_original_for_in_silico_screen/cv_2/train_extra_x.csv'],
 'features_scaling': True,
 'features_size': None,
 'ffn_hidden_size': 600,
 'ffn_num_layers': 3,
 'final_lr': 0.0001,
 'folds_file': None,
 'freeze_first_only': False,
 'frzn_ffn_layers': 0,
 'gpu': None,
 'grad_clip': None,
 'hidden_size': 600,
 'hidden_size_solvent': 300,
 'ignore_columns': None,
 'ignore_nan_metrics': False,
 'init_lr': 0.0001,
 'is_atom_bond_targets': False,
 'keeping_atom_map': False,
 'log_frequency': 10,
 'loss_function': 'mse',
 'max_data_size': None,
 'max_lr': 0.001,
 'metric': 'rmse',
 'metrics': ['rmse'],
 'minimize_score': True,
 'mpn_shared': False,
 'multiclass_num_classes': 3,
 'no_adding_bond_types': False,
 'no_atom_descriptor_scaling': False,
 'no_bond_descriptor_scaling': False,
 'no_cache_mol': False,
 'no_cuda': False,
 'no_features_scaling': False,
 'no_shared_atom_bond_ffn': False,
 'num_folds': 1,
 'num_lrs': 1,
 'num_tasks': 1,
 'num_workers': 8,
 'number_of_molecules': 1,
 'overwrite_default_atom_features': False,
 'overwrite_default_bond_features': False,
 'phase_features_path': None,
 'pytorch_seed': 42,
 'quantile_loss_alpha': 0.1,
 'quantiles': [],
 'quiet': False,
 'reaction': False,
 'reaction_mode': 'reac_diff',
 'reaction_solvent': False,
 'resume_experiment': False,
 'save_dir': '../data/crossval_splits/Brain_Data_in_vivo_only_all_plus_original_for_in_silico_screen/cv_2',
 'save_preds': False,
 'save_smiles_splits': False,
 'seed': 42,
 'separate_test_atom_descriptors_path': None,
 'separate_test_bond_descriptors_path': None,
 'separate_test_constraints_path': None,
 'separate_test_features_path': ['../data/crossval_splits/Brain_Data_in_vivo_only_all_plus_original_for_in_silico_screen/cv_2/test_extra_x.csv'],
 'separate_test_path': '../data/crossval_splits/Brain_Data_in_vivo_only_all_plus_original_for_in_silico_screen/cv_2/test.csv',
 'separate_test_phase_features_path': None,
 'separate_val_atom_descriptors_path': None,
 'separate_val_bond_descriptors_path': None,
 'separate_val_constraints_path': None,
 'separate_val_features_path': ['../data/crossval_splits/Brain_Data_in_vivo_only_all_plus_original_for_in_silico_screen/cv_2/valid_extra_x.csv'],
 'separate_val_path': '../data/crossval_splits/Brain_Data_in_vivo_only_all_plus_original_for_in_silico_screen/cv_2/valid.csv',
 'separate_val_phase_features_path': None,
 'shared_atom_bond_ffn': True,
 'show_individual_scores': False,
 'smiles_columns': ['smiles'],
 'spectra_activation': 'exp',
 'spectra_phase_mask_path': None,
 'spectra_target_floor': 1e-08,
 'split_key_molecule': 0,
 'split_sizes': [1.0, 0.0, 0.0],
 'split_type': 'random',
 'target_columns': None,
 'target_weights': None,
 'task_names': ['quantified_delivery'],
 'test': False,
 'test_fold_index': None,
 'train_data_size': None,
 'undirected': False,
 'use_input_features': True,
 'val_fold_index': None,
 'warmup_epochs': 2.0,
 'weights_ffn_num_layers': 2}
Setting molecule featurization parameters to default.
Loading data
Number of tasks = 1
Fold 0
Splitting data with seed 42
Total size = 7,504 | train size = 7,504 | val size = 1,745 | test size = 1,745
Fitting scaler
Building model 0
MoleculeModel(
  (encoder): MPN(
    (encoder): ModuleList(
      (0): MPNEncoder(
        (dropout): Dropout(p=0.1, inplace=False)
        (act_func): ReLU()
        (W_i): Linear(in_features=147, out_features=600, bias=False)
        (W_h): Linear(in_features=600, out_features=600, bias=False)
        (W_o): Linear(in_features=733, out_features=600, bias=True)
      )
    )
  )
  (readout): Sequential(
    (0): Dropout(p=0.1, inplace=False)
    (1): Linear(in_features=638, out_features=600, bias=True)
    (2): ReLU()
    (3): Dropout(p=0.1, inplace=False)
    (4): Linear(in_features=600, out_features=600, bias=True)
    (5): ReLU()
    (6): Dropout(p=0.1, inplace=False)
    (7): Linear(in_features=600, out_features=1, bias=True)
  )
)
Number of parameters = 1,633,801
Moving model to cuda
Epoch 0
Loss = 8.4773e-01, PNorm = 52.1331, GNorm = 2.1608, lr_0 = 1.3300e-04
Loss = 1.1006e+00, PNorm = 52.1352, GNorm = 4.0837, lr_0 = 1.6300e-04
Loss = 9.0338e-01, PNorm = 52.1380, GNorm = 2.6624, lr_0 = 1.9300e-04
Loss = 9.9090e-01, PNorm = 52.1431, GNorm = 2.8376, lr_0 = 2.2300e-04
Loss = 1.0679e+00, PNorm = 52.1495, GNorm = 2.8825, lr_0 = 2.5300e-04
Loss = 9.6894e-01, PNorm = 52.1559, GNorm = 1.8678, lr_0 = 2.8300e-04
Loss = 9.3028e-01, PNorm = 52.1646, GNorm = 3.0644, lr_0 = 3.1300e-04
Loss = 9.6256e-01, PNorm = 52.1742, GNorm = 2.2795, lr_0 = 3.4300e-04
Loss = 1.0065e+00, PNorm = 52.1851, GNorm = 4.0337, lr_0 = 3.7300e-04
Loss = 1.1901e+00, PNorm = 52.1943, GNorm = 2.1435, lr_0 = 4.0300e-04
Loss = 1.0236e+00, PNorm = 52.2083, GNorm = 2.1610, lr_0 = 4.3300e-04
Loss = 9.2923e-01, PNorm = 52.2232, GNorm = 1.7439, lr_0 = 4.6300e-04
Loss = 9.4840e-01, PNorm = 52.2431, GNorm = 2.2627, lr_0 = 4.9300e-04
Loss = 1.2874e+00, PNorm = 52.2756, GNorm = 2.6310, lr_0 = 5.2300e-04
Loss = 9.6747e-01, PNorm = 52.2981, GNorm = 1.2412, lr_0 = 5.5300e-04
Loss = 3.4138e-01, PNorm = 52.3008, GNorm = 2.8734, lr_0 = 5.5600e-04
Validation rmse = 1.073567
Epoch 1
Loss = 1.0417e+00, PNorm = 52.3152, GNorm = 1.1678, lr_0 = 5.8600e-04
Loss = 1.1357e+00, PNorm = 52.3327, GNorm = 2.5918, lr_0 = 6.1600e-04
Loss = 1.0861e+00, PNorm = 52.3578, GNorm = 2.0519, lr_0 = 6.4600e-04
Loss = 1.0166e+00, PNorm = 52.3783, GNorm = 2.0036, lr_0 = 6.7600e-04
Loss = 9.6865e-01, PNorm = 52.3936, GNorm = 3.1715, lr_0 = 7.0600e-04
Loss = 8.9497e-01, PNorm = 52.4125, GNorm = 1.3214, lr_0 = 7.3600e-04
Loss = 8.6736e-01, PNorm = 52.4386, GNorm = 3.1112, lr_0 = 7.6600e-04
Loss = 1.0155e+00, PNorm = 52.4619, GNorm = 4.3796, lr_0 = 7.9600e-04
Loss = 9.2424e-01, PNorm = 52.4891, GNorm = 2.1545, lr_0 = 8.2600e-04
Loss = 9.2010e-01, PNorm = 52.5176, GNorm = 1.4175, lr_0 = 8.5600e-04
Loss = 8.8648e-01, PNorm = 52.5444, GNorm = 2.1117, lr_0 = 8.8600e-04
Loss = 1.1565e+00, PNorm = 52.5730, GNorm = 4.0327, lr_0 = 9.1600e-04
Loss = 8.6792e-01, PNorm = 52.6099, GNorm = 1.3674, lr_0 = 9.4600e-04
Loss = 9.8707e-01, PNorm = 52.6447, GNorm = 1.0660, lr_0 = 9.7600e-04
Loss = 9.5937e-01, PNorm = 52.6819, GNorm = 1.4487, lr_0 = 9.9617e-04
Loss = 3.3215e-01, PNorm = 52.6868, GNorm = 1.7760, lr_0 = 9.9426e-04
Validation rmse = 0.971256
Epoch 2
Loss = 1.0023e+00, PNorm = 52.7209, GNorm = 1.5575, lr_0 = 9.7536e-04
Loss = 9.2535e-01, PNorm = 52.7586, GNorm = 0.7689, lr_0 = 9.5683e-04
Loss = 9.2955e-01, PNorm = 52.7926, GNorm = 1.9225, lr_0 = 9.3864e-04
Loss = 8.7339e-01, PNorm = 52.8212, GNorm = 1.3339, lr_0 = 9.2080e-04
Loss = 9.3125e-01, PNorm = 52.8405, GNorm = 0.9810, lr_0 = 9.0330e-04
Loss = 9.3345e-01, PNorm = 52.8522, GNorm = 1.3495, lr_0 = 8.8614e-04
Loss = 1.0087e+00, PNorm = 52.8810, GNorm = 0.8195, lr_0 = 8.6929e-04
Loss = 9.1487e-01, PNorm = 52.9081, GNorm = 1.1647, lr_0 = 8.5277e-04
Loss = 9.4709e-01, PNorm = 52.9318, GNorm = 0.8580, lr_0 = 8.3657e-04
Loss = 9.8786e-01, PNorm = 52.9567, GNorm = 1.0190, lr_0 = 8.2067e-04
Loss = 8.8763e-01, PNorm = 52.9924, GNorm = 6.1270, lr_0 = 8.0507e-04
Loss = 9.8477e-01, PNorm = 53.0332, GNorm = 1.0941, lr_0 = 7.8977e-04
Loss = 7.8658e-01, PNorm = 53.0500, GNorm = 1.1171, lr_0 = 7.7476e-04
Loss = 9.1323e-01, PNorm = 53.0852, GNorm = 1.5021, lr_0 = 7.6003e-04
Loss = 7.2424e-01, PNorm = 53.1129, GNorm = 1.6626, lr_0 = 7.4559e-04
Loss = 1.4351e+00, PNorm = 53.1125, GNorm = 4.0962, lr_0 = 7.4416e-04
Validation rmse = 0.961967
Epoch 3
Loss = 9.4010e-01, PNorm = 53.1439, GNorm = 1.2149, lr_0 = 7.3002e-04
Loss = 8.9783e-01, PNorm = 53.1745, GNorm = 0.9873, lr_0 = 7.1614e-04
Loss = 7.8201e-01, PNorm = 53.1968, GNorm = 0.9905, lr_0 = 7.0253e-04
Loss = 8.1570e-01, PNorm = 53.2305, GNorm = 1.9083, lr_0 = 6.8918e-04
Loss = 9.2023e-01, PNorm = 53.2412, GNorm = 2.6942, lr_0 = 6.7608e-04
Loss = 1.1336e+00, PNorm = 53.2567, GNorm = 0.8254, lr_0 = 6.6323e-04
Loss = 8.3158e-01, PNorm = 53.2726, GNorm = 1.2208, lr_0 = 6.5063e-04
Loss = 9.3468e-01, PNorm = 53.3010, GNorm = 1.6406, lr_0 = 6.3826e-04
Loss = 8.7317e-01, PNorm = 53.3259, GNorm = 1.0009, lr_0 = 6.2613e-04
Loss = 7.4062e-01, PNorm = 53.3461, GNorm = 0.9204, lr_0 = 6.1423e-04
Loss = 8.7826e-01, PNorm = 53.3650, GNorm = 0.8991, lr_0 = 6.0256e-04
Loss = 8.2205e-01, PNorm = 53.3874, GNorm = 1.2111, lr_0 = 5.9111e-04
Loss = 9.8301e-01, PNorm = 53.4116, GNorm = 0.7781, lr_0 = 5.7987e-04
Loss = 8.0633e-01, PNorm = 53.4344, GNorm = 1.7288, lr_0 = 5.6885e-04
Loss = 9.2207e-01, PNorm = 53.4717, GNorm = 1.2014, lr_0 = 5.5804e-04
Loss = 3.5980e-01, PNorm = 53.4777, GNorm = 2.8704, lr_0 = 5.5697e-04
Validation rmse = 0.943336
Epoch 4
Loss = 9.6066e-01, PNorm = 53.5052, GNorm = 1.5863, lr_0 = 5.4639e-04
Loss = 8.4384e-01, PNorm = 53.5300, GNorm = 0.5303, lr_0 = 5.3600e-04
Loss = 7.3667e-01, PNorm = 53.5508, GNorm = 1.1465, lr_0 = 5.2582e-04
Loss = 8.7352e-01, PNorm = 53.5744, GNorm = 1.6446, lr_0 = 5.1582e-04
Loss = 9.0158e-01, PNorm = 53.6017, GNorm = 1.0941, lr_0 = 5.0602e-04
Loss = 8.5941e-01, PNorm = 53.6344, GNorm = 1.7839, lr_0 = 4.9640e-04
Loss = 8.5418e-01, PNorm = 53.6462, GNorm = 1.2270, lr_0 = 4.8697e-04
Loss = 8.6337e-01, PNorm = 53.6737, GNorm = 0.9433, lr_0 = 4.7771e-04
Loss = 9.6029e-01, PNorm = 53.6950, GNorm = 1.1482, lr_0 = 4.6863e-04
Loss = 8.2710e-01, PNorm = 53.7188, GNorm = 1.2859, lr_0 = 4.5973e-04
Loss = 9.6673e-01, PNorm = 53.7378, GNorm = 1.4255, lr_0 = 4.5099e-04
Loss = 8.0663e-01, PNorm = 53.7658, GNorm = 1.1647, lr_0 = 4.4242e-04
Loss = 7.2545e-01, PNorm = 53.7770, GNorm = 1.5915, lr_0 = 4.3401e-04
Loss = 7.6465e-01, PNorm = 53.7926, GNorm = 0.5814, lr_0 = 4.2576e-04
Loss = 8.9128e-01, PNorm = 53.8094, GNorm = 1.3420, lr_0 = 4.1767e-04
Loss = 7.0927e-01, PNorm = 53.8127, GNorm = 3.0024, lr_0 = 4.1687e-04
Validation rmse = 0.931547
Epoch 5
Loss = 8.7162e-01, PNorm = 53.8351, GNorm = 1.7143, lr_0 = 4.0895e-04
Loss = 7.9842e-01, PNorm = 53.8610, GNorm = 1.4856, lr_0 = 4.0117e-04
Loss = 7.6105e-01, PNorm = 53.8743, GNorm = 1.2585, lr_0 = 3.9355e-04
Loss = 8.7576e-01, PNorm = 53.8892, GNorm = 0.6950, lr_0 = 3.8607e-04
Loss = 7.3189e-01, PNorm = 53.9012, GNorm = 1.0962, lr_0 = 3.7873e-04
Loss = 9.0725e-01, PNorm = 53.9199, GNorm = 1.0890, lr_0 = 3.7154e-04
Loss = 7.2422e-01, PNorm = 53.9477, GNorm = 0.9993, lr_0 = 3.6447e-04
Loss = 8.6592e-01, PNorm = 53.9521, GNorm = 1.7101, lr_0 = 3.5755e-04
Loss = 8.4515e-01, PNorm = 53.9548, GNorm = 2.7880, lr_0 = 3.5075e-04
Loss = 7.4975e-01, PNorm = 53.9647, GNorm = 3.7992, lr_0 = 3.4409e-04
Loss = 8.3450e-01, PNorm = 53.9783, GNorm = 0.7610, lr_0 = 3.3755e-04
Loss = 8.7164e-01, PNorm = 53.9986, GNorm = 3.0309, lr_0 = 3.3113e-04
Loss = 9.8677e-01, PNorm = 54.0140, GNorm = 1.3950, lr_0 = 3.2484e-04
Loss = 7.3566e-01, PNorm = 54.0414, GNorm = 1.6221, lr_0 = 3.1866e-04
Loss = 8.4059e-01, PNorm = 54.0477, GNorm = 2.3683, lr_0 = 3.1261e-04
Loss = 1.7944e+00, PNorm = 54.0477, GNorm = 3.7443, lr_0 = 3.1201e-04
Validation rmse = 0.920097
Epoch 6
Loss = 7.2283e-01, PNorm = 54.0559, GNorm = 0.9089, lr_0 = 3.0608e-04
Loss = 8.6059e-01, PNorm = 54.0730, GNorm = 1.1349, lr_0 = 3.0026e-04
Loss = 7.8216e-01, PNorm = 54.0922, GNorm = 1.0311, lr_0 = 2.9456e-04
Loss = 8.6487e-01, PNorm = 54.0997, GNorm = 0.8938, lr_0 = 2.8896e-04
Loss = 8.9426e-01, PNorm = 54.1131, GNorm = 2.2992, lr_0 = 2.8347e-04
Loss = 7.3023e-01, PNorm = 54.1140, GNorm = 0.9374, lr_0 = 2.7808e-04
Loss = 6.7421e-01, PNorm = 54.1239, GNorm = 1.2002, lr_0 = 2.7279e-04
Loss = 7.3531e-01, PNorm = 54.1316, GNorm = 1.0746, lr_0 = 2.6761e-04
Loss = 7.9073e-01, PNorm = 54.1393, GNorm = 1.9611, lr_0 = 2.6252e-04
Loss = 8.0220e-01, PNorm = 54.1539, GNorm = 0.9809, lr_0 = 2.5753e-04
Loss = 9.2164e-01, PNorm = 54.1681, GNorm = 0.8814, lr_0 = 2.5264e-04
Loss = 9.2684e-01, PNorm = 54.1766, GNorm = 0.9665, lr_0 = 2.4784e-04
Loss = 7.8854e-01, PNorm = 54.1924, GNorm = 1.5826, lr_0 = 2.4313e-04
Loss = 7.4041e-01, PNorm = 54.2030, GNorm = 2.0431, lr_0 = 2.3851e-04
Loss = 8.7086e-01, PNorm = 54.2120, GNorm = 1.4952, lr_0 = 2.3397e-04
Loss = 3.5492e-01, PNorm = 54.2129, GNorm = 2.6676, lr_0 = 2.3352e-04
Validation rmse = 0.921796
Epoch 7
Loss = 8.8805e-01, PNorm = 54.2310, GNorm = 1.0686, lr_0 = 2.2909e-04
Loss = 9.6723e-01, PNorm = 54.2503, GNorm = 1.7906, lr_0 = 2.2473e-04
Loss = 9.1570e-01, PNorm = 54.2615, GNorm = 2.0956, lr_0 = 2.2046e-04
Loss = 6.5934e-01, PNorm = 54.2631, GNorm = 1.0463, lr_0 = 2.1627e-04
Loss = 7.4391e-01, PNorm = 54.2680, GNorm = 1.4324, lr_0 = 2.1216e-04
Loss = 8.0222e-01, PNorm = 54.2782, GNorm = 1.3894, lr_0 = 2.0813e-04
Loss = 8.7953e-01, PNorm = 54.2933, GNorm = 1.4899, lr_0 = 2.0417e-04
Loss = 7.8070e-01, PNorm = 54.3126, GNorm = 1.0760, lr_0 = 2.0029e-04
Loss = 6.9109e-01, PNorm = 54.3209, GNorm = 1.4742, lr_0 = 1.9649e-04
Loss = 7.9683e-01, PNorm = 54.3254, GNorm = 1.3171, lr_0 = 1.9275e-04
Loss = 8.4536e-01, PNorm = 54.3371, GNorm = 1.5991, lr_0 = 1.8909e-04
Loss = 8.8930e-01, PNorm = 54.3430, GNorm = 0.9914, lr_0 = 1.8550e-04
Loss = 5.8567e-01, PNorm = 54.3468, GNorm = 1.0991, lr_0 = 1.8197e-04
Loss = 7.3862e-01, PNorm = 54.3547, GNorm = 1.7963, lr_0 = 1.7851e-04
Loss = 7.4224e-01, PNorm = 54.3645, GNorm = 0.9071, lr_0 = 1.7512e-04
Loss = 1.5553e+00, PNorm = 54.3655, GNorm = 12.2543, lr_0 = 1.7478e-04
Validation rmse = 0.903827
Epoch 8
Loss = 7.1674e-01, PNorm = 54.3778, GNorm = 2.5023, lr_0 = 1.7146e-04
Loss = 8.9627e-01, PNorm = 54.3913, GNorm = 1.2377, lr_0 = 1.6820e-04
Loss = 6.8916e-01, PNorm = 54.4008, GNorm = 0.9936, lr_0 = 1.6501e-04
Loss = 8.2337e-01, PNorm = 54.4023, GNorm = 2.4714, lr_0 = 1.6187e-04
Loss = 8.7130e-01, PNorm = 54.4097, GNorm = 3.3958, lr_0 = 1.5879e-04
Loss = 7.1907e-01, PNorm = 54.4180, GNorm = 1.0135, lr_0 = 1.5578e-04
Loss = 8.0779e-01, PNorm = 54.4237, GNorm = 3.6300, lr_0 = 1.5282e-04
Loss = 8.6488e-01, PNorm = 54.4312, GNorm = 1.4978, lr_0 = 1.4991e-04
Loss = 9.1896e-01, PNorm = 54.4397, GNorm = 1.8242, lr_0 = 1.4706e-04
Loss = 8.0787e-01, PNorm = 54.4501, GNorm = 0.9474, lr_0 = 1.4427e-04
Loss = 7.2921e-01, PNorm = 54.4566, GNorm = 0.9369, lr_0 = 1.4153e-04
Loss = 8.4201e-01, PNorm = 54.4640, GNorm = 1.1318, lr_0 = 1.3884e-04
Loss = 7.2213e-01, PNorm = 54.4704, GNorm = 1.9696, lr_0 = 1.3620e-04
Loss = 7.0623e-01, PNorm = 54.4788, GNorm = 1.0092, lr_0 = 1.3361e-04
Loss = 7.1956e-01, PNorm = 54.4862, GNorm = 1.8738, lr_0 = 1.3107e-04
Loss = 5.9317e-01, PNorm = 54.4863, GNorm = 3.0861, lr_0 = 1.3082e-04
Validation rmse = 0.911067
Epoch 9
Loss = 7.4816e-01, PNorm = 54.4874, GNorm = 1.5140, lr_0 = 1.2833e-04
Loss = 7.4132e-01, PNorm = 54.4921, GNorm = 1.6237, lr_0 = 1.2589e-04
Loss = 7.0146e-01, PNorm = 54.4966, GNorm = 1.5673, lr_0 = 1.2350e-04
Loss = 6.7563e-01, PNorm = 54.5017, GNorm = 0.8275, lr_0 = 1.2115e-04
Loss = 8.9208e-01, PNorm = 54.5059, GNorm = 0.9135, lr_0 = 1.1885e-04
Loss = 8.3971e-01, PNorm = 54.5126, GNorm = 1.2414, lr_0 = 1.1659e-04
Loss = 7.8301e-01, PNorm = 54.5211, GNorm = 0.9019, lr_0 = 1.1438e-04
Loss = 8.3103e-01, PNorm = 54.5293, GNorm = 1.0661, lr_0 = 1.1220e-04
Loss = 7.8232e-01, PNorm = 54.5362, GNorm = 1.5560, lr_0 = 1.1007e-04
Loss = 6.7628e-01, PNorm = 54.5427, GNorm = 1.2008, lr_0 = 1.0798e-04
Loss = 7.8909e-01, PNorm = 54.5502, GNorm = 1.0731, lr_0 = 1.0593e-04
Loss = 7.1587e-01, PNorm = 54.5548, GNorm = 1.7305, lr_0 = 1.0391e-04
Loss = 9.2123e-01, PNorm = 54.5580, GNorm = 2.0841, lr_0 = 1.0194e-04
Loss = 7.6199e-01, PNorm = 54.5628, GNorm = 0.9407, lr_0 = 1.0000e-04
Loss = 7.1102e-01, PNorm = 54.5651, GNorm = 1.2844, lr_0 = 1.0000e-04
Loss = 7.7119e-01, PNorm = 54.5647, GNorm = 10.1721, lr_0 = 1.0000e-04
Validation rmse = 0.893224
Model 0 best validation rmse = 0.893224 on epoch 9
Loading pretrained parameter "encoder.encoder.0.cached_zero_vector".
Loading pretrained parameter "encoder.encoder.0.W_i.weight".
Loading pretrained parameter "encoder.encoder.0.W_h.weight".
Loading pretrained parameter "encoder.encoder.0.W_o.weight".
Loading pretrained parameter "encoder.encoder.0.W_o.bias".
Loading pretrained parameter "readout.1.weight".
Loading pretrained parameter "readout.1.bias".
Loading pretrained parameter "readout.4.weight".
Loading pretrained parameter "readout.4.bias".
Loading pretrained parameter "readout.7.weight".
Loading pretrained parameter "readout.7.bias".
Moving model to cuda
Model 0 test rmse = 0.893224
Ensemble test rmse = 0.893224
1-fold cross validation
	Seed 42 ==> test rmse = 0.893224
Overall test rmse = 0.893224 +/- 0.000000
Elapsed time = 0:06:08
Command line
python main_script.py train Brain_Data_in_vivo_only_all_plus_original_for_in_silico_screen --epochs 10
Args
{'activation': 'ReLU',
 'adding_bond_types': True,
 'adding_h': False,
 'aggregation': 'mean',
 'aggregation_norm': 100,
 'atom_constraints': [],
 'atom_descriptor_scaling': True,
 'atom_descriptors': None,
 'atom_descriptors_path': None,
 'atom_descriptors_size': 0,
 'atom_features_size': 0,
 'atom_messages': False,
 'atom_targets': [],
 'batch_size': 50,
 'bias': False,
 'bias_solvent': False,
 'bond_constraints': [],
 'bond_descriptor_scaling': True,
 'bond_descriptors': None,
 'bond_descriptors_path': None,
 'bond_descriptors_size': 0,
 'bond_features_size': 0,
 'bond_targets': [],
 'cache_cutoff': 10000,
 'checkpoint_dir': None,
 'checkpoint_frzn': None,
 'checkpoint_path': None,
 'checkpoint_paths': None,
 'class_balance': False,
 'config_path': '../data/args_files/optimized_configs.json',
 'constraints_path': None,
 'crossval_index_dir': None,
 'crossval_index_file': None,
 'crossval_index_sets': None,
 'cuda': True,
 'data_path': '../data/crossval_splits/Brain_Data_in_vivo_only_all_plus_original_for_in_silico_screen/cv_3/train.csv',
 'data_weights_path': '../data/crossval_splits/Brain_Data_in_vivo_only_all_plus_original_for_in_silico_screen/cv_3/train_weights.csv',
 'dataset_type': 'regression',
 'depth': 4,
 'depth_solvent': 3,
 'device': device(type='cuda'),
 'dropout': 0.1,
 'empty_cache': False,
 'ensemble_size': 1,
 'epochs': 10,
 'evidential_regularization': 0,
 'explicit_h': False,
 'extra_metrics': [],
 'features_generator': None,
 'features_only': False,
 'features_path': ['../data/crossval_splits/Brain_Data_in_vivo_only_all_plus_original_for_in_silico_screen/cv_3/train_extra_x.csv'],
 'features_scaling': True,
 'features_size': None,
 'ffn_hidden_size': 600,
 'ffn_num_layers': 3,
 'final_lr': 0.0001,
 'folds_file': None,
 'freeze_first_only': False,
 'frzn_ffn_layers': 0,
 'gpu': None,
 'grad_clip': None,
 'hidden_size': 600,
 'hidden_size_solvent': 300,
 'ignore_columns': None,
 'ignore_nan_metrics': False,
 'init_lr': 0.0001,
 'is_atom_bond_targets': False,
 'keeping_atom_map': False,
 'log_frequency': 10,
 'loss_function': 'mse',
 'max_data_size': None,
 'max_lr': 0.001,
 'metric': 'rmse',
 'metrics': ['rmse'],
 'minimize_score': True,
 'mpn_shared': False,
 'multiclass_num_classes': 3,
 'no_adding_bond_types': False,
 'no_atom_descriptor_scaling': False,
 'no_bond_descriptor_scaling': False,
 'no_cache_mol': False,
 'no_cuda': False,
 'no_features_scaling': False,
 'no_shared_atom_bond_ffn': False,
 'num_folds': 1,
 'num_lrs': 1,
 'num_tasks': 1,
 'num_workers': 8,
 'number_of_molecules': 1,
 'overwrite_default_atom_features': False,
 'overwrite_default_bond_features': False,
 'phase_features_path': None,
 'pytorch_seed': 42,
 'quantile_loss_alpha': 0.1,
 'quantiles': [],
 'quiet': False,
 'reaction': False,
 'reaction_mode': 'reac_diff',
 'reaction_solvent': False,
 'resume_experiment': False,
 'save_dir': '../data/crossval_splits/Brain_Data_in_vivo_only_all_plus_original_for_in_silico_screen/cv_3',
 'save_preds': False,
 'save_smiles_splits': False,
 'seed': 42,
 'separate_test_atom_descriptors_path': None,
 'separate_test_bond_descriptors_path': None,
 'separate_test_constraints_path': None,
 'separate_test_features_path': ['../data/crossval_splits/Brain_Data_in_vivo_only_all_plus_original_for_in_silico_screen/cv_3/test_extra_x.csv'],
 'separate_test_path': '../data/crossval_splits/Brain_Data_in_vivo_only_all_plus_original_for_in_silico_screen/cv_3/test.csv',
 'separate_test_phase_features_path': None,
 'separate_val_atom_descriptors_path': None,
 'separate_val_bond_descriptors_path': None,
 'separate_val_constraints_path': None,
 'separate_val_features_path': ['../data/crossval_splits/Brain_Data_in_vivo_only_all_plus_original_for_in_silico_screen/cv_3/valid_extra_x.csv'],
 'separate_val_path': '../data/crossval_splits/Brain_Data_in_vivo_only_all_plus_original_for_in_silico_screen/cv_3/valid.csv',
 'separate_val_phase_features_path': None,
 'shared_atom_bond_ffn': True,
 'show_individual_scores': False,
 'smiles_columns': ['smiles'],
 'spectra_activation': 'exp',
 'spectra_phase_mask_path': None,
 'spectra_target_floor': 1e-08,
 'split_key_molecule': 0,
 'split_sizes': [1.0, 0.0, 0.0],
 'split_type': 'random',
 'target_columns': None,
 'target_weights': None,
 'task_names': ['quantified_delivery'],
 'test': False,
 'test_fold_index': None,
 'train_data_size': None,
 'undirected': False,
 'use_input_features': True,
 'val_fold_index': None,
 'warmup_epochs': 2.0,
 'weights_ffn_num_layers': 2}
Setting molecule featurization parameters to default.
Loading data
Number of tasks = 1
Fold 0
Splitting data with seed 42
Total size = 7,435 | train size = 7,435 | val size = 1,814 | test size = 1,814
Fitting scaler
Building model 0
MoleculeModel(
  (encoder): MPN(
    (encoder): ModuleList(
      (0): MPNEncoder(
        (dropout): Dropout(p=0.1, inplace=False)
        (act_func): ReLU()
        (W_i): Linear(in_features=147, out_features=600, bias=False)
        (W_h): Linear(in_features=600, out_features=600, bias=False)
        (W_o): Linear(in_features=733, out_features=600, bias=True)
      )
    )
  )
  (readout): Sequential(
    (0): Dropout(p=0.1, inplace=False)
    (1): Linear(in_features=638, out_features=600, bias=True)
    (2): ReLU()
    (3): Dropout(p=0.1, inplace=False)
    (4): Linear(in_features=600, out_features=600, bias=True)
    (5): ReLU()
    (6): Dropout(p=0.1, inplace=False)
    (7): Linear(in_features=600, out_features=1, bias=True)
  )
)
Number of parameters = 1,633,801
Moving model to cuda
Epoch 0
Loss = 9.2124e-01, PNorm = 52.1318, GNorm = 2.2360, lr_0 = 1.3345e-04
Loss = 1.1156e+00, PNorm = 52.1333, GNorm = 1.5368, lr_0 = 1.6385e-04
Loss = 9.7116e-01, PNorm = 52.1359, GNorm = 2.4378, lr_0 = 1.9426e-04
Loss = 1.0032e+00, PNorm = 52.1407, GNorm = 2.4963, lr_0 = 2.2466e-04
Loss = 7.9432e-01, PNorm = 52.1477, GNorm = 2.2832, lr_0 = 2.5507e-04
Loss = 1.0822e+00, PNorm = 52.1550, GNorm = 2.9021, lr_0 = 2.8547e-04
Loss = 1.1203e+00, PNorm = 52.1654, GNorm = 3.6698, lr_0 = 3.1588e-04
Loss = 9.3009e-01, PNorm = 52.1730, GNorm = 2.7404, lr_0 = 3.4628e-04
Loss = 1.2564e+00, PNorm = 52.1847, GNorm = 2.0143, lr_0 = 3.7669e-04
Loss = 9.4940e-01, PNorm = 52.1937, GNorm = 4.9591, lr_0 = 4.0709e-04
Loss = 1.0516e+00, PNorm = 52.2074, GNorm = 2.4475, lr_0 = 4.3750e-04
Loss = 1.0851e+00, PNorm = 52.2232, GNorm = 3.0764, lr_0 = 4.6791e-04
Loss = 1.0138e+00, PNorm = 52.2385, GNorm = 1.6923, lr_0 = 4.9831e-04
Loss = 1.1648e+00, PNorm = 52.2601, GNorm = 1.3144, lr_0 = 5.2872e-04
Validation rmse = 0.962645
Epoch 1
Loss = 7.5388e-01, PNorm = 52.2733, GNorm = 2.1359, lr_0 = 5.6216e-04
Loss = 8.8926e-01, PNorm = 52.2860, GNorm = 2.0327, lr_0 = 5.9257e-04
Loss = 8.0516e-01, PNorm = 52.3021, GNorm = 1.6212, lr_0 = 6.2297e-04
Loss = 9.8459e-01, PNorm = 52.3192, GNorm = 1.5821, lr_0 = 6.5338e-04
Loss = 1.0127e+00, PNorm = 52.3353, GNorm = 1.2279, lr_0 = 6.8378e-04
Loss = 1.2576e+00, PNorm = 52.3572, GNorm = 1.4993, lr_0 = 7.1419e-04
Loss = 1.2273e+00, PNorm = 52.3973, GNorm = 5.6643, lr_0 = 7.4459e-04
Loss = 7.9345e-01, PNorm = 52.4337, GNorm = 2.6385, lr_0 = 7.7500e-04
Loss = 1.0483e+00, PNorm = 52.4790, GNorm = 2.5292, lr_0 = 8.0541e-04
Loss = 9.1316e-01, PNorm = 52.5154, GNorm = 1.9373, lr_0 = 8.3581e-04
Loss = 8.9149e-01, PNorm = 52.5516, GNorm = 2.1804, lr_0 = 8.6622e-04
Loss = 9.3722e-01, PNorm = 52.5755, GNorm = 2.1373, lr_0 = 8.9662e-04
Loss = 1.1962e+00, PNorm = 52.6102, GNorm = 1.8326, lr_0 = 9.2703e-04
Loss = 8.8358e-01, PNorm = 52.6390, GNorm = 1.1853, lr_0 = 9.5743e-04
Loss = 8.6213e-01, PNorm = 52.6627, GNorm = 0.8518, lr_0 = 9.8784e-04
Validation rmse = 0.979389
Epoch 2
Loss = 1.0703e+00, PNorm = 52.7141, GNorm = 1.6496, lr_0 = 9.8840e-04
Loss = 1.0060e+00, PNorm = 52.7485, GNorm = 2.6369, lr_0 = 9.6936e-04
Loss = 1.0374e+00, PNorm = 52.7858, GNorm = 2.3839, lr_0 = 9.5069e-04
Loss = 1.0096e+00, PNorm = 52.8271, GNorm = 0.7637, lr_0 = 9.3238e-04
Loss = 9.0015e-01, PNorm = 52.8577, GNorm = 0.8272, lr_0 = 9.1443e-04
Loss = 8.3149e-01, PNorm = 52.8843, GNorm = 0.9183, lr_0 = 8.9681e-04
Loss = 1.0675e+00, PNorm = 52.9138, GNorm = 1.7319, lr_0 = 8.7954e-04
Loss = 9.9801e-01, PNorm = 52.9403, GNorm = 1.6157, lr_0 = 8.6260e-04
Loss = 9.5517e-01, PNorm = 52.9672, GNorm = 0.7031, lr_0 = 8.4599e-04
Loss = 1.0300e+00, PNorm = 52.9908, GNorm = 1.2836, lr_0 = 8.2970e-04
Loss = 7.8231e-01, PNorm = 53.0236, GNorm = 2.2018, lr_0 = 8.1372e-04
Loss = 9.9408e-01, PNorm = 53.0665, GNorm = 5.4707, lr_0 = 7.9804e-04
Loss = 8.2209e-01, PNorm = 53.0862, GNorm = 1.2654, lr_0 = 7.8267e-04
Loss = 9.1399e-01, PNorm = 53.1180, GNorm = 1.3262, lr_0 = 7.6760e-04
Loss = 8.0062e-01, PNorm = 53.1445, GNorm = 1.2973, lr_0 = 7.5282e-04
Validation rmse = 0.924685
Epoch 3
Loss = 8.3701e-01, PNorm = 53.1599, GNorm = 0.7761, lr_0 = 7.3832e-04
Loss = 9.8961e-01, PNorm = 53.1774, GNorm = 1.2586, lr_0 = 7.2410e-04
Loss = 8.1035e-01, PNorm = 53.1961, GNorm = 0.5237, lr_0 = 7.1015e-04
Loss = 9.4782e-01, PNorm = 53.2211, GNorm = 1.1142, lr_0 = 6.9647e-04
Loss = 8.3413e-01, PNorm = 53.2412, GNorm = 1.1870, lr_0 = 6.8306e-04
Loss = 9.5247e-01, PNorm = 53.2707, GNorm = 0.7966, lr_0 = 6.6991e-04
Loss = 8.7733e-01, PNorm = 53.2924, GNorm = 1.1177, lr_0 = 6.5700e-04
Loss = 8.8734e-01, PNorm = 53.3072, GNorm = 0.9831, lr_0 = 6.4435e-04
Loss = 9.9283e-01, PNorm = 53.3386, GNorm = 1.1429, lr_0 = 6.3194e-04
Loss = 8.9436e-01, PNorm = 53.3605, GNorm = 0.9955, lr_0 = 6.1977e-04
Loss = 7.8812e-01, PNorm = 53.3837, GNorm = 3.6878, lr_0 = 6.0783e-04
Loss = 9.3010e-01, PNorm = 53.4073, GNorm = 1.2585, lr_0 = 5.9613e-04
Loss = 1.0960e+00, PNorm = 53.4404, GNorm = 1.2058, lr_0 = 5.8464e-04
Loss = 8.6618e-01, PNorm = 53.4886, GNorm = 0.9925, lr_0 = 5.7338e-04
Loss = 8.8638e-01, PNorm = 53.5209, GNorm = 0.5537, lr_0 = 5.6234e-04
Validation rmse = 0.901475
Epoch 4
Loss = 7.4915e-01, PNorm = 53.5555, GNorm = 1.4543, lr_0 = 5.5044e-04
Loss = 8.4817e-01, PNorm = 53.5849, GNorm = 1.6546, lr_0 = 5.3984e-04
Loss = 9.4737e-01, PNorm = 53.6192, GNorm = 0.7496, lr_0 = 5.2944e-04
Loss = 7.8193e-01, PNorm = 53.6640, GNorm = 1.1434, lr_0 = 5.1924e-04
Loss = 7.6990e-01, PNorm = 53.6785, GNorm = 1.2499, lr_0 = 5.0924e-04
Loss = 8.3587e-01, PNorm = 53.7108, GNorm = 1.0922, lr_0 = 4.9944e-04
Loss = 8.9947e-01, PNorm = 53.7373, GNorm = 2.1928, lr_0 = 4.8982e-04
Loss = 8.4168e-01, PNorm = 53.7664, GNorm = 0.9818, lr_0 = 4.8038e-04
Loss = 8.7798e-01, PNorm = 53.7881, GNorm = 1.4662, lr_0 = 4.7113e-04
Loss = 1.0319e+00, PNorm = 53.8237, GNorm = 3.0055, lr_0 = 4.6206e-04
Loss = 9.2199e-01, PNorm = 53.8658, GNorm = 1.0111, lr_0 = 4.5316e-04
Loss = 8.7707e-01, PNorm = 53.8944, GNorm = 3.4996, lr_0 = 4.4443e-04
Loss = 6.6719e-01, PNorm = 53.9200, GNorm = 1.0046, lr_0 = 4.3587e-04
Loss = 9.5211e-01, PNorm = 53.9442, GNorm = 1.4876, lr_0 = 4.2748e-04
Loss = 8.7881e-01, PNorm = 53.9743, GNorm = 1.0519, lr_0 = 4.1924e-04
Validation rmse = 0.885267
Epoch 5
Loss = 7.4608e-01, PNorm = 53.9931, GNorm = 1.1758, lr_0 = 4.1117e-04
Loss = 9.5359e-01, PNorm = 54.0077, GNorm = 0.7585, lr_0 = 4.0325e-04
Loss = 7.6683e-01, PNorm = 54.0331, GNorm = 1.8239, lr_0 = 3.9548e-04
Loss = 8.5723e-01, PNorm = 54.0583, GNorm = 1.0601, lr_0 = 3.8787e-04
Loss = 8.2161e-01, PNorm = 54.0887, GNorm = 1.9843, lr_0 = 3.8040e-04
Loss = 8.5867e-01, PNorm = 54.1161, GNorm = 1.3049, lr_0 = 3.7307e-04
Loss = 7.5825e-01, PNorm = 54.1427, GNorm = 1.0204, lr_0 = 3.6588e-04
Loss = 7.8801e-01, PNorm = 54.1638, GNorm = 1.5161, lr_0 = 3.5884e-04
Loss = 7.6283e-01, PNorm = 54.1839, GNorm = 0.7637, lr_0 = 3.5193e-04
Loss = 9.0691e-01, PNorm = 54.2047, GNorm = 0.5818, lr_0 = 3.4515e-04
Loss = 8.1954e-01, PNorm = 54.2293, GNorm = 1.0536, lr_0 = 3.3850e-04
Loss = 8.4326e-01, PNorm = 54.2619, GNorm = 1.8149, lr_0 = 3.3198e-04
Loss = 9.5109e-01, PNorm = 54.2845, GNorm = 1.3578, lr_0 = 3.2559e-04
Loss = 8.2392e-01, PNorm = 54.3098, GNorm = 2.3198, lr_0 = 3.1932e-04
Loss = 8.8826e-01, PNorm = 54.3289, GNorm = 1.5159, lr_0 = 3.1317e-04
Validation rmse = 0.872828
Epoch 6
Loss = 7.6570e-01, PNorm = 54.3481, GNorm = 1.8243, lr_0 = 3.0714e-04
Loss = 9.0651e-01, PNorm = 54.3630, GNorm = 2.6784, lr_0 = 3.0122e-04
Loss = 6.7456e-01, PNorm = 54.3906, GNorm = 0.8871, lr_0 = 2.9542e-04
Loss = 7.2989e-01, PNorm = 54.4033, GNorm = 1.2357, lr_0 = 2.8973e-04
Loss = 7.4966e-01, PNorm = 54.4138, GNorm = 0.8103, lr_0 = 2.8415e-04
Loss = 7.9898e-01, PNorm = 54.4330, GNorm = 1.2582, lr_0 = 2.7868e-04
Loss = 7.7035e-01, PNorm = 54.4484, GNorm = 1.1195, lr_0 = 2.7331e-04
Loss = 6.4755e-01, PNorm = 54.4627, GNorm = 0.9805, lr_0 = 2.6805e-04
Loss = 9.1092e-01, PNorm = 54.4772, GNorm = 1.1805, lr_0 = 2.6288e-04
Loss = 8.4448e-01, PNorm = 54.4953, GNorm = 1.4561, lr_0 = 2.5782e-04
Loss = 8.6120e-01, PNorm = 54.5179, GNorm = 0.8001, lr_0 = 2.5286e-04
Loss = 9.2807e-01, PNorm = 54.5338, GNorm = 2.2406, lr_0 = 2.4799e-04
Loss = 7.6661e-01, PNorm = 54.5490, GNorm = 1.5786, lr_0 = 2.4321e-04
Loss = 7.2820e-01, PNorm = 54.5610, GNorm = 1.0721, lr_0 = 2.3852e-04
Loss = 1.1056e+00, PNorm = 54.5756, GNorm = 6.5352, lr_0 = 2.3393e-04
Loss = 7.8257e-01, PNorm = 54.5779, GNorm = 1.7808, lr_0 = 2.3348e-04
Validation rmse = 0.871151
Epoch 7
Loss = 9.0793e-01, PNorm = 54.5975, GNorm = 0.9421, lr_0 = 2.2898e-04
Loss = 7.5740e-01, PNorm = 54.6197, GNorm = 1.3639, lr_0 = 2.2457e-04
Loss = 6.6270e-01, PNorm = 54.6378, GNorm = 1.6748, lr_0 = 2.2024e-04
Loss = 7.1299e-01, PNorm = 54.6494, GNorm = 2.0861, lr_0 = 2.1600e-04
Loss = 8.7887e-01, PNorm = 54.6611, GNorm = 3.1240, lr_0 = 2.1184e-04
Loss = 9.3720e-01, PNorm = 54.6739, GNorm = 1.0330, lr_0 = 2.0776e-04
Loss = 8.8871e-01, PNorm = 54.6901, GNorm = 1.1377, lr_0 = 2.0376e-04
Loss = 6.8762e-01, PNorm = 54.7068, GNorm = 1.3046, lr_0 = 1.9984e-04
Loss = 7.0456e-01, PNorm = 54.7201, GNorm = 1.1028, lr_0 = 1.9599e-04
Loss = 8.1506e-01, PNorm = 54.7274, GNorm = 1.6384, lr_0 = 1.9221e-04
Loss = 9.3880e-01, PNorm = 54.7389, GNorm = 1.3592, lr_0 = 1.8851e-04
Loss = 6.6096e-01, PNorm = 54.7457, GNorm = 1.2202, lr_0 = 1.8488e-04
Loss = 6.9657e-01, PNorm = 54.7604, GNorm = 2.1289, lr_0 = 1.8132e-04
Loss = 8.0970e-01, PNorm = 54.7750, GNorm = 1.2773, lr_0 = 1.7783e-04
Validation rmse = 0.859925
Epoch 8
Loss = 8.4799e-01, PNorm = 54.7903, GNorm = 1.2486, lr_0 = 1.7440e-04
Loss = 7.9654e-01, PNorm = 54.8040, GNorm = 0.8013, lr_0 = 1.7104e-04
Loss = 9.0024e-01, PNorm = 54.8164, GNorm = 0.9107, lr_0 = 1.6775e-04
Loss = 6.9618e-01, PNorm = 54.8280, GNorm = 1.4187, lr_0 = 1.6452e-04
Loss = 7.3953e-01, PNorm = 54.8369, GNorm = 1.4268, lr_0 = 1.6135e-04
Loss = 7.3297e-01, PNorm = 54.8468, GNorm = 1.3936, lr_0 = 1.5824e-04
Loss = 8.8367e-01, PNorm = 54.8566, GNorm = 1.5454, lr_0 = 1.5520e-04
Loss = 9.5237e-01, PNorm = 54.8687, GNorm = 1.3218, lr_0 = 1.5221e-04
Loss = 6.9395e-01, PNorm = 54.8798, GNorm = 0.9854, lr_0 = 1.4927e-04
Loss = 8.0575e-01, PNorm = 54.8883, GNorm = 1.2444, lr_0 = 1.4640e-04
Loss = 7.4207e-01, PNorm = 54.8981, GNorm = 1.8927, lr_0 = 1.4358e-04
Loss = 7.6099e-01, PNorm = 54.9111, GNorm = 1.0282, lr_0 = 1.4081e-04
Loss = 7.4117e-01, PNorm = 54.9212, GNorm = 3.7606, lr_0 = 1.3810e-04
Loss = 6.2172e-01, PNorm = 54.9320, GNorm = 1.5226, lr_0 = 1.3544e-04
Loss = 7.8517e-01, PNorm = 54.9439, GNorm = 1.1300, lr_0 = 1.3283e-04
Validation rmse = 0.863280
Epoch 9
Loss = 6.7325e-01, PNorm = 54.9487, GNorm = 1.0856, lr_0 = 1.3028e-04
Loss = 7.7037e-01, PNorm = 54.9536, GNorm = 2.1460, lr_0 = 1.2777e-04
Loss = 7.7311e-01, PNorm = 54.9613, GNorm = 0.9546, lr_0 = 1.2531e-04
Loss = 8.0774e-01, PNorm = 54.9705, GNorm = 1.3321, lr_0 = 1.2289e-04
Loss = 8.6758e-01, PNorm = 54.9789, GNorm = 4.7120, lr_0 = 1.2053e-04
Loss = 7.4045e-01, PNorm = 54.9882, GNorm = 0.9696, lr_0 = 1.1820e-04
Loss = 7.0311e-01, PNorm = 54.9955, GNorm = 1.6141, lr_0 = 1.1593e-04
Loss = 6.4488e-01, PNorm = 55.0028, GNorm = 1.0365, lr_0 = 1.1370e-04
Loss = 7.1373e-01, PNorm = 55.0089, GNorm = 1.6313, lr_0 = 1.1151e-04
Loss = 6.8482e-01, PNorm = 55.0169, GNorm = 0.9253, lr_0 = 1.0936e-04
Loss = 8.1060e-01, PNorm = 55.0277, GNorm = 1.5690, lr_0 = 1.0725e-04
Loss = 7.5115e-01, PNorm = 55.0344, GNorm = 1.7644, lr_0 = 1.0519e-04
Loss = 9.3339e-01, PNorm = 55.0408, GNorm = 1.5515, lr_0 = 1.0316e-04
Loss = 7.9835e-01, PNorm = 55.0496, GNorm = 0.9952, lr_0 = 1.0117e-04
Loss = 5.9896e-01, PNorm = 55.0542, GNorm = 1.0979, lr_0 = 1.0000e-04
Validation rmse = 0.853949
Model 0 best validation rmse = 0.853949 on epoch 9
Loading pretrained parameter "encoder.encoder.0.cached_zero_vector".
Loading pretrained parameter "encoder.encoder.0.W_i.weight".
Loading pretrained parameter "encoder.encoder.0.W_h.weight".
Loading pretrained parameter "encoder.encoder.0.W_o.weight".
Loading pretrained parameter "encoder.encoder.0.W_o.bias".
Loading pretrained parameter "readout.1.weight".
Loading pretrained parameter "readout.1.bias".
Loading pretrained parameter "readout.4.weight".
Loading pretrained parameter "readout.4.bias".
Loading pretrained parameter "readout.7.weight".
Loading pretrained parameter "readout.7.bias".
Moving model to cuda
Model 0 test rmse = 0.853949
Ensemble test rmse = 0.853949
1-fold cross validation
	Seed 42 ==> test rmse = 0.853949
Overall test rmse = 0.853949 +/- 0.000000
Elapsed time = 0:06:08
Command line
python main_script.py train Brain_Data_in_vivo_only_all_plus_original_for_in_silico_screen --epochs 10
Args
{'activation': 'ReLU',
 'adding_bond_types': True,
 'adding_h': False,
 'aggregation': 'mean',
 'aggregation_norm': 100,
 'atom_constraints': [],
 'atom_descriptor_scaling': True,
 'atom_descriptors': None,
 'atom_descriptors_path': None,
 'atom_descriptors_size': 0,
 'atom_features_size': 0,
 'atom_messages': False,
 'atom_targets': [],
 'batch_size': 50,
 'bias': False,
 'bias_solvent': False,
 'bond_constraints': [],
 'bond_descriptor_scaling': True,
 'bond_descriptors': None,
 'bond_descriptors_path': None,
 'bond_descriptors_size': 0,
 'bond_features_size': 0,
 'bond_targets': [],
 'cache_cutoff': 10000,
 'checkpoint_dir': None,
 'checkpoint_frzn': None,
 'checkpoint_path': None,
 'checkpoint_paths': None,
 'class_balance': False,
 'config_path': '../data/args_files/optimized_configs.json',
 'constraints_path': None,
 'crossval_index_dir': None,
 'crossval_index_file': None,
 'crossval_index_sets': None,
 'cuda': True,
 'data_path': '../data/crossval_splits/Brain_Data_in_vivo_only_all_plus_original_for_in_silico_screen/cv_4/train.csv',
 'data_weights_path': '../data/crossval_splits/Brain_Data_in_vivo_only_all_plus_original_for_in_silico_screen/cv_4/train_weights.csv',
 'dataset_type': 'regression',
 'depth': 4,
 'depth_solvent': 3,
 'device': device(type='cuda'),
 'dropout': 0.1,
 'empty_cache': False,
 'ensemble_size': 1,
 'epochs': 10,
 'evidential_regularization': 0,
 'explicit_h': False,
 'extra_metrics': [],
 'features_generator': None,
 'features_only': False,
 'features_path': ['../data/crossval_splits/Brain_Data_in_vivo_only_all_plus_original_for_in_silico_screen/cv_4/train_extra_x.csv'],
 'features_scaling': True,
 'features_size': None,
 'ffn_hidden_size': 600,
 'ffn_num_layers': 3,
 'final_lr': 0.0001,
 'folds_file': None,
 'freeze_first_only': False,
 'frzn_ffn_layers': 0,
 'gpu': None,
 'grad_clip': None,
 'hidden_size': 600,
 'hidden_size_solvent': 300,
 'ignore_columns': None,
 'ignore_nan_metrics': False,
 'init_lr': 0.0001,
 'is_atom_bond_targets': False,
 'keeping_atom_map': False,
 'log_frequency': 10,
 'loss_function': 'mse',
 'max_data_size': None,
 'max_lr': 0.001,
 'metric': 'rmse',
 'metrics': ['rmse'],
 'minimize_score': True,
 'mpn_shared': False,
 'multiclass_num_classes': 3,
 'no_adding_bond_types': False,
 'no_atom_descriptor_scaling': False,
 'no_bond_descriptor_scaling': False,
 'no_cache_mol': False,
 'no_cuda': False,
 'no_features_scaling': False,
 'no_shared_atom_bond_ffn': False,
 'num_folds': 1,
 'num_lrs': 1,
 'num_tasks': 1,
 'num_workers': 8,
 'number_of_molecules': 1,
 'overwrite_default_atom_features': False,
 'overwrite_default_bond_features': False,
 'phase_features_path': None,
 'pytorch_seed': 42,
 'quantile_loss_alpha': 0.1,
 'quantiles': [],
 'quiet': False,
 'reaction': False,
 'reaction_mode': 'reac_diff',
 'reaction_solvent': False,
 'resume_experiment': False,
 'save_dir': '../data/crossval_splits/Brain_Data_in_vivo_only_all_plus_original_for_in_silico_screen/cv_4',
 'save_preds': False,
 'save_smiles_splits': False,
 'seed': 42,
 'separate_test_atom_descriptors_path': None,
 'separate_test_bond_descriptors_path': None,
 'separate_test_constraints_path': None,
 'separate_test_features_path': ['../data/crossval_splits/Brain_Data_in_vivo_only_all_plus_original_for_in_silico_screen/cv_4/test_extra_x.csv'],
 'separate_test_path': '../data/crossval_splits/Brain_Data_in_vivo_only_all_plus_original_for_in_silico_screen/cv_4/test.csv',
 'separate_test_phase_features_path': None,
 'separate_val_atom_descriptors_path': None,
 'separate_val_bond_descriptors_path': None,
 'separate_val_constraints_path': None,
 'separate_val_features_path': ['../data/crossval_splits/Brain_Data_in_vivo_only_all_plus_original_for_in_silico_screen/cv_4/valid_extra_x.csv'],
 'separate_val_path': '../data/crossval_splits/Brain_Data_in_vivo_only_all_plus_original_for_in_silico_screen/cv_4/valid.csv',
 'separate_val_phase_features_path': None,
 'shared_atom_bond_ffn': True,
 'show_individual_scores': False,
 'smiles_columns': ['smiles'],
 'spectra_activation': 'exp',
 'spectra_phase_mask_path': None,
 'spectra_target_floor': 1e-08,
 'split_key_molecule': 0,
 'split_sizes': [1.0, 0.0, 0.0],
 'split_type': 'random',
 'target_columns': None,
 'target_weights': None,
 'task_names': ['quantified_delivery'],
 'test': False,
 'test_fold_index': None,
 'train_data_size': None,
 'undirected': False,
 'use_input_features': True,
 'val_fold_index': None,
 'warmup_epochs': 2.0,
 'weights_ffn_num_layers': 2}
Setting molecule featurization parameters to default.
Loading data
Number of tasks = 1
Fold 0
Splitting data with seed 42
Total size = 7,437 | train size = 7,437 | val size = 1,812 | test size = 1,812
Fitting scaler
Building model 0
MoleculeModel(
  (encoder): MPN(
    (encoder): ModuleList(
      (0): MPNEncoder(
        (dropout): Dropout(p=0.1, inplace=False)
        (act_func): ReLU()
        (W_i): Linear(in_features=147, out_features=600, bias=False)
        (W_h): Linear(in_features=600, out_features=600, bias=False)
        (W_o): Linear(in_features=733, out_features=600, bias=True)
      )
    )
  )
  (readout): Sequential(
    (0): Dropout(p=0.1, inplace=False)
    (1): Linear(in_features=638, out_features=600, bias=True)
    (2): ReLU()
    (3): Dropout(p=0.1, inplace=False)
    (4): Linear(in_features=600, out_features=600, bias=True)
    (5): ReLU()
    (6): Dropout(p=0.1, inplace=False)
    (7): Linear(in_features=600, out_features=1, bias=True)
  )
)
Number of parameters = 1,633,801
Moving model to cuda
Epoch 0
Loss = 1.1177e+00, PNorm = 52.1320, GNorm = 6.0310, lr_0 = 1.3345e-04
Loss = 9.7747e-01, PNorm = 52.1339, GNorm = 1.3877, lr_0 = 1.6385e-04
Loss = 1.1525e+00, PNorm = 52.1370, GNorm = 5.8926, lr_0 = 1.9426e-04
Loss = 9.8742e-01, PNorm = 52.1425, GNorm = 1.8729, lr_0 = 2.2466e-04
Loss = 6.8635e-01, PNorm = 52.1491, GNorm = 4.7215, lr_0 = 2.5507e-04
Loss = 1.3288e+00, PNorm = 52.1554, GNorm = 8.1312, lr_0 = 2.8547e-04
Loss = 1.0401e+00, PNorm = 52.1638, GNorm = 7.7685, lr_0 = 3.1588e-04
Loss = 1.0010e+00, PNorm = 52.1746, GNorm = 5.7938, lr_0 = 3.4628e-04
Loss = 1.1146e+00, PNorm = 52.1914, GNorm = 2.3579, lr_0 = 3.7669e-04
Loss = 8.1551e-01, PNorm = 52.1996, GNorm = 1.6976, lr_0 = 4.0709e-04
Loss = 1.1422e+00, PNorm = 52.2151, GNorm = 2.2341, lr_0 = 4.3750e-04
Loss = 1.0589e+00, PNorm = 52.2310, GNorm = 2.9477, lr_0 = 4.6791e-04
Loss = 8.4757e-01, PNorm = 52.2493, GNorm = 2.3877, lr_0 = 4.9831e-04
Loss = 1.1380e+00, PNorm = 52.2642, GNorm = 3.3243, lr_0 = 5.2872e-04
Validation rmse = 0.925295
Epoch 1
Loss = 8.0659e-01, PNorm = 52.2792, GNorm = 2.0993, lr_0 = 5.6216e-04
Loss = 9.7394e-01, PNorm = 52.2932, GNorm = 1.7081, lr_0 = 5.9257e-04
Loss = 9.3770e-01, PNorm = 52.3100, GNorm = 4.4710, lr_0 = 6.2297e-04
Loss = 1.0350e+00, PNorm = 52.3315, GNorm = 1.5510, lr_0 = 6.5338e-04
Loss = 9.5859e-01, PNorm = 52.3525, GNorm = 1.7929, lr_0 = 6.8378e-04
Loss = 1.1598e+00, PNorm = 52.3832, GNorm = 1.1788, lr_0 = 7.1419e-04
Loss = 9.8032e-01, PNorm = 52.4182, GNorm = 2.0441, lr_0 = 7.4459e-04
Loss = 8.4127e-01, PNorm = 52.4583, GNorm = 3.0013, lr_0 = 7.7500e-04
Loss = 1.0556e+00, PNorm = 52.4954, GNorm = 2.3206, lr_0 = 8.0541e-04
Loss = 9.3484e-01, PNorm = 52.5275, GNorm = 1.7894, lr_0 = 8.3581e-04
Loss = 1.0153e+00, PNorm = 52.5548, GNorm = 2.9743, lr_0 = 8.6622e-04
Loss = 8.8328e-01, PNorm = 52.5835, GNorm = 1.3942, lr_0 = 8.9662e-04
Loss = 1.2590e+00, PNorm = 52.6139, GNorm = 2.4313, lr_0 = 9.2703e-04
Loss = 9.3415e-01, PNorm = 52.6570, GNorm = 1.8709, lr_0 = 9.5743e-04
Loss = 8.6986e-01, PNorm = 52.6838, GNorm = 1.0175, lr_0 = 9.8784e-04
Validation rmse = 0.921104
Epoch 2
Loss = 1.0412e+00, PNorm = 52.7356, GNorm = 0.9910, lr_0 = 9.8840e-04
Loss = 9.5522e-01, PNorm = 52.7688, GNorm = 1.6579, lr_0 = 9.6936e-04
Loss = 8.9691e-01, PNorm = 52.7966, GNorm = 2.0285, lr_0 = 9.5069e-04
Loss = 8.8195e-01, PNorm = 52.8283, GNorm = 1.0987, lr_0 = 9.3238e-04
Loss = 9.8172e-01, PNorm = 52.8453, GNorm = 0.8897, lr_0 = 9.1443e-04
Loss = 9.2685e-01, PNorm = 52.8808, GNorm = 1.3254, lr_0 = 8.9681e-04
Loss = 1.0394e+00, PNorm = 52.9051, GNorm = 1.5888, lr_0 = 8.7954e-04
Loss = 1.0403e+00, PNorm = 52.9396, GNorm = 2.6275, lr_0 = 8.6260e-04
Loss = 7.9113e-01, PNorm = 52.9634, GNorm = 0.6840, lr_0 = 8.4599e-04
Loss = 9.8062e-01, PNorm = 52.9954, GNorm = 0.8537, lr_0 = 8.2970e-04
Loss = 8.2728e-01, PNorm = 53.0347, GNorm = 1.7471, lr_0 = 8.1372e-04
Loss = 9.6566e-01, PNorm = 53.0773, GNorm = 5.2189, lr_0 = 7.9804e-04
Loss = 8.5691e-01, PNorm = 53.0882, GNorm = 0.9262, lr_0 = 7.8267e-04
Loss = 9.4921e-01, PNorm = 53.1163, GNorm = 1.3732, lr_0 = 7.6760e-04
Loss = 8.1491e-01, PNorm = 53.1574, GNorm = 1.0930, lr_0 = 7.5282e-04
Validation rmse = 0.904813
Epoch 3
Loss = 9.4262e-01, PNorm = 53.1787, GNorm = 2.0853, lr_0 = 7.3832e-04
Loss = 9.5020e-01, PNorm = 53.2124, GNorm = 2.8615, lr_0 = 7.2410e-04
Loss = 8.7822e-01, PNorm = 53.2401, GNorm = 1.6374, lr_0 = 7.1015e-04
Loss = 8.9246e-01, PNorm = 53.2825, GNorm = 1.2657, lr_0 = 6.9647e-04
Loss = 8.4568e-01, PNorm = 53.3051, GNorm = 0.7750, lr_0 = 6.8306e-04
Loss = 8.4714e-01, PNorm = 53.3352, GNorm = 0.8194, lr_0 = 6.6991e-04
Loss = 8.9276e-01, PNorm = 53.3574, GNorm = 1.7004, lr_0 = 6.5700e-04
Loss = 9.7699e-01, PNorm = 53.3808, GNorm = 1.2850, lr_0 = 6.4435e-04
Loss = 8.2602e-01, PNorm = 53.4102, GNorm = 0.8830, lr_0 = 6.3194e-04
Loss = 9.2878e-01, PNorm = 53.4394, GNorm = 0.8994, lr_0 = 6.1977e-04
Loss = 7.6964e-01, PNorm = 53.4615, GNorm = 2.6917, lr_0 = 6.0783e-04
Loss = 8.5855e-01, PNorm = 53.4902, GNorm = 1.0737, lr_0 = 5.9613e-04
Loss = 1.0188e+00, PNorm = 53.5221, GNorm = 1.1869, lr_0 = 5.8464e-04
Loss = 7.8261e-01, PNorm = 53.5722, GNorm = 0.9035, lr_0 = 5.7338e-04
Loss = 8.8889e-01, PNorm = 53.5997, GNorm = 0.6518, lr_0 = 5.6234e-04
Validation rmse = 0.897144
Epoch 4
Loss = 7.6995e-01, PNorm = 53.6328, GNorm = 1.2092, lr_0 = 5.5044e-04
Loss = 9.0582e-01, PNorm = 53.6448, GNorm = 1.6439, lr_0 = 5.3984e-04
Loss = 8.2121e-01, PNorm = 53.6725, GNorm = 1.0268, lr_0 = 5.2944e-04
Loss = 9.3347e-01, PNorm = 53.7161, GNorm = 1.1746, lr_0 = 5.1924e-04
Loss = 7.5929e-01, PNorm = 53.7496, GNorm = 1.3094, lr_0 = 5.0924e-04
Loss = 8.7674e-01, PNorm = 53.7769, GNorm = 0.9839, lr_0 = 4.9944e-04
Loss = 6.9983e-01, PNorm = 53.8183, GNorm = 0.7702, lr_0 = 4.8982e-04
Loss = 9.1542e-01, PNorm = 53.8507, GNorm = 1.0641, lr_0 = 4.8038e-04
Loss = 8.7268e-01, PNorm = 53.8777, GNorm = 0.7199, lr_0 = 4.7113e-04
Loss = 8.2913e-01, PNorm = 53.9074, GNorm = 1.2674, lr_0 = 4.6206e-04
Loss = 1.0045e+00, PNorm = 53.9355, GNorm = 1.3472, lr_0 = 4.5316e-04
Loss = 6.7325e-01, PNorm = 53.9664, GNorm = 1.3711, lr_0 = 4.4443e-04
Loss = 8.4418e-01, PNorm = 53.9931, GNorm = 0.7275, lr_0 = 4.3587e-04
Loss = 8.8632e-01, PNorm = 54.0105, GNorm = 1.3294, lr_0 = 4.2748e-04
Loss = 8.5984e-01, PNorm = 54.0285, GNorm = 1.1474, lr_0 = 4.1924e-04
Validation rmse = 0.861668
Epoch 5
Loss = 8.5212e-01, PNorm = 54.0480, GNorm = 1.2462, lr_0 = 4.1117e-04
Loss = 9.5050e-01, PNorm = 54.0836, GNorm = 1.6711, lr_0 = 4.0325e-04
Loss = 8.4331e-01, PNorm = 54.1043, GNorm = 0.7534, lr_0 = 3.9548e-04
Loss = 8.5846e-01, PNorm = 54.1397, GNorm = 1.3060, lr_0 = 3.8787e-04
Loss = 8.9816e-01, PNorm = 54.1662, GNorm = 1.0043, lr_0 = 3.8040e-04
Loss = 8.1046e-01, PNorm = 54.2088, GNorm = 0.9910, lr_0 = 3.7307e-04
Loss = 7.0832e-01, PNorm = 54.2268, GNorm = 0.9702, lr_0 = 3.6588e-04
Loss = 8.7168e-01, PNorm = 54.2436, GNorm = 1.3443, lr_0 = 3.5884e-04
Loss = 7.1782e-01, PNorm = 54.2750, GNorm = 1.0973, lr_0 = 3.5193e-04
Loss = 6.3523e-01, PNorm = 54.2852, GNorm = 0.7524, lr_0 = 3.4515e-04
Loss = 7.6230e-01, PNorm = 54.3025, GNorm = 0.9662, lr_0 = 3.3850e-04
Loss = 8.9406e-01, PNorm = 54.3355, GNorm = 2.9894, lr_0 = 3.3198e-04
Loss = 8.5915e-01, PNorm = 54.3624, GNorm = 2.1405, lr_0 = 3.2559e-04
Loss = 7.7352e-01, PNorm = 54.3858, GNorm = 1.2446, lr_0 = 3.1932e-04
Loss = 8.8940e-01, PNorm = 54.3987, GNorm = 1.7596, lr_0 = 3.1317e-04
Validation rmse = 0.849441
Epoch 6
Loss = 8.4204e-01, PNorm = 54.4209, GNorm = 1.1598, lr_0 = 3.0714e-04
Loss = 7.5520e-01, PNorm = 54.4388, GNorm = 1.7991, lr_0 = 3.0122e-04
Loss = 7.7404e-01, PNorm = 54.4572, GNorm = 0.9146, lr_0 = 2.9542e-04
Loss = 7.0474e-01, PNorm = 54.4700, GNorm = 0.8440, lr_0 = 2.8973e-04
Loss = 6.5219e-01, PNorm = 54.4830, GNorm = 1.3274, lr_0 = 2.8415e-04
Loss = 8.0831e-01, PNorm = 54.4996, GNorm = 0.7770, lr_0 = 2.7868e-04
Loss = 7.0783e-01, PNorm = 54.5185, GNorm = 1.1629, lr_0 = 2.7331e-04
Loss = 6.9642e-01, PNorm = 54.5369, GNorm = 1.3629, lr_0 = 2.6805e-04
Loss = 8.6854e-01, PNorm = 54.5459, GNorm = 1.0359, lr_0 = 2.6288e-04
Loss = 7.6809e-01, PNorm = 54.5660, GNorm = 1.1140, lr_0 = 2.5782e-04
Loss = 7.9959e-01, PNorm = 54.5843, GNorm = 0.9788, lr_0 = 2.5286e-04
Loss = 9.5874e-01, PNorm = 54.5935, GNorm = 2.1478, lr_0 = 2.4799e-04
Loss = 7.1475e-01, PNorm = 54.6122, GNorm = 1.1892, lr_0 = 2.4321e-04
Loss = 7.4565e-01, PNorm = 54.6276, GNorm = 1.2399, lr_0 = 2.3852e-04
Loss = 1.1136e+00, PNorm = 54.6438, GNorm = 8.1208, lr_0 = 2.3393e-04
Validation rmse = 0.842024
Epoch 7
Loss = 7.9967e-01, PNorm = 54.6724, GNorm = 0.8359, lr_0 = 2.2943e-04
Loss = 8.2355e-01, PNorm = 54.6938, GNorm = 1.9382, lr_0 = 2.2501e-04
Loss = 8.4191e-01, PNorm = 54.7041, GNorm = 1.2102, lr_0 = 2.2067e-04
Loss = 7.6042e-01, PNorm = 54.7198, GNorm = 3.1023, lr_0 = 2.1642e-04
Loss = 7.5818e-01, PNorm = 54.7264, GNorm = 1.5226, lr_0 = 2.1226e-04
Loss = 9.0634e-01, PNorm = 54.7425, GNorm = 1.4565, lr_0 = 2.0817e-04
Loss = 6.7617e-01, PNorm = 54.7609, GNorm = 1.6858, lr_0 = 2.0416e-04
Loss = 7.3867e-01, PNorm = 54.7753, GNorm = 1.6466, lr_0 = 2.0023e-04
Loss = 6.6578e-01, PNorm = 54.7879, GNorm = 1.2266, lr_0 = 1.9637e-04
Loss = 6.8809e-01, PNorm = 54.8021, GNorm = 1.1296, lr_0 = 1.9259e-04
Loss = 8.2077e-01, PNorm = 54.8133, GNorm = 2.0109, lr_0 = 1.8888e-04
Loss = 6.5550e-01, PNorm = 54.8217, GNorm = 1.2193, lr_0 = 1.8524e-04
Loss = 5.9256e-01, PNorm = 54.8334, GNorm = 1.3143, lr_0 = 1.8167e-04
Loss = 8.2382e-01, PNorm = 54.8445, GNorm = 0.8688, lr_0 = 1.7817e-04
Validation rmse = 0.841210
Epoch 8
Loss = 5.9623e-01, PNorm = 54.8615, GNorm = 1.2199, lr_0 = 1.7440e-04
Loss = 7.9138e-01, PNorm = 54.8733, GNorm = 1.1005, lr_0 = 1.7104e-04
Loss = 8.2915e-01, PNorm = 54.8873, GNorm = 2.7389, lr_0 = 1.6775e-04
Loss = 8.4009e-01, PNorm = 54.9039, GNorm = 1.8012, lr_0 = 1.6452e-04
Loss = 7.7793e-01, PNorm = 54.9125, GNorm = 1.2842, lr_0 = 1.6135e-04
Loss = 6.9218e-01, PNorm = 54.9209, GNorm = 0.8820, lr_0 = 1.5824e-04
Loss = 7.9328e-01, PNorm = 54.9269, GNorm = 1.8268, lr_0 = 1.5520e-04
Loss = 7.7520e-01, PNorm = 54.9406, GNorm = 1.5562, lr_0 = 1.5221e-04
Loss = 7.7712e-01, PNorm = 54.9548, GNorm = 1.0796, lr_0 = 1.4927e-04
Loss = 8.3378e-01, PNorm = 54.9657, GNorm = 1.5659, lr_0 = 1.4640e-04
Loss = 6.8952e-01, PNorm = 54.9752, GNorm = 1.4503, lr_0 = 1.4358e-04
Loss = 7.7080e-01, PNorm = 54.9843, GNorm = 2.9651, lr_0 = 1.4081e-04
Loss = 6.5040e-01, PNorm = 54.9912, GNorm = 1.8095, lr_0 = 1.3810e-04
Loss = 5.8709e-01, PNorm = 54.9983, GNorm = 1.8978, lr_0 = 1.3544e-04
Loss = 7.2235e-01, PNorm = 55.0070, GNorm = 1.0725, lr_0 = 1.3283e-04
Validation rmse = 0.828268
Epoch 9
Loss = 7.6123e-01, PNorm = 55.0131, GNorm = 1.2144, lr_0 = 1.3028e-04
Loss = 8.7007e-01, PNorm = 55.0222, GNorm = 1.6785, lr_0 = 1.2777e-04
Loss = 6.9883e-01, PNorm = 55.0315, GNorm = 1.0207, lr_0 = 1.2531e-04
Loss = 8.0467e-01, PNorm = 55.0394, GNorm = 4.0810, lr_0 = 1.2289e-04
Loss = 7.0817e-01, PNorm = 55.0475, GNorm = 1.1734, lr_0 = 1.2053e-04
Loss = 7.1943e-01, PNorm = 55.0556, GNorm = 1.1375, lr_0 = 1.1820e-04
Loss = 6.7463e-01, PNorm = 55.0621, GNorm = 1.8841, lr_0 = 1.1593e-04
Loss = 6.3668e-01, PNorm = 55.0703, GNorm = 0.6175, lr_0 = 1.1370e-04
Loss = 7.3908e-01, PNorm = 55.0783, GNorm = 2.2674, lr_0 = 1.1151e-04
Loss = 6.8071e-01, PNorm = 55.0877, GNorm = 1.4182, lr_0 = 1.0936e-04
Loss = 7.6076e-01, PNorm = 55.0960, GNorm = 1.5854, lr_0 = 1.0725e-04
Loss = 7.7494e-01, PNorm = 55.1026, GNorm = 1.7111, lr_0 = 1.0519e-04
Loss = 9.9053e-01, PNorm = 55.1077, GNorm = 1.5588, lr_0 = 1.0316e-04
Loss = 7.8435e-01, PNorm = 55.1141, GNorm = 0.9450, lr_0 = 1.0117e-04
Loss = 6.1980e-01, PNorm = 55.1164, GNorm = 1.1938, lr_0 = 1.0000e-04
Validation rmse = 0.817080
Model 0 best validation rmse = 0.817080 on epoch 9
Loading pretrained parameter "encoder.encoder.0.cached_zero_vector".
Loading pretrained parameter "encoder.encoder.0.W_i.weight".
Loading pretrained parameter "encoder.encoder.0.W_h.weight".
Loading pretrained parameter "encoder.encoder.0.W_o.weight".
Loading pretrained parameter "encoder.encoder.0.W_o.bias".
Loading pretrained parameter "readout.1.weight".
Loading pretrained parameter "readout.1.bias".
Loading pretrained parameter "readout.4.weight".
Loading pretrained parameter "readout.4.bias".
Loading pretrained parameter "readout.7.weight".
Loading pretrained parameter "readout.7.bias".
Moving model to cuda
Model 0 test rmse = 0.817080
Ensemble test rmse = 0.817080
1-fold cross validation
	Seed 42 ==> test rmse = 0.817080
Overall test rmse = 0.817080 +/- 0.000000
Elapsed time = 0:06:12
